W0928 22:46:50.820000 829 torch/distributed/run.py:874] 
W0928 22:46:50.820000 829 torch/distributed/run.py:874] *****************************************
W0928 22:46:50.820000 829 torch/distributed/run.py:874] Setting OMP_NUM_THREADS environment variable for each process to be 1 in default, to avoid your system being overloaded, please further tune the variable for optimal performance in your application as needed. 
W0928 22:46:50.820000 829 torch/distributed/run.py:874] *****************************************
Warning: You are sending unauthenticated requests to the HF Hub. Please set a HF_TOKEN to enable higher rate limits and faster downloads.
Warning: You are sending unauthenticated requests to the HF Hub. Please set a HF_TOKEN to enable higher rate limits and faster downloads.
Loading weights:   0%|          | 0/311 [00:00<?, ?it/s]Loading weights: 100%|██████████| 311/311 [00:00<00:00, 9458.14it/s]
Loading weights:   0%|          | 0/311 [00:00<?, ?it/s]Loading weights: 100%|██████████| 311/311 [00:00<00:00, 9549.82it/s]
22:47:04 loaded 394 tensors from runs/q17b/isolated/trainable.pt
22:47:13 variant=retrofit layers=28 world=2 trainable=0.06M (heads 54 tensors)
22:47:16 train records/epoch=48320 steps=3020
22:47:24 step 20/3020 loss=2.4185 last=1.8659 {'acc@7': 0.125, 'acc@14': 0.375, 'acc@21': 0.375, 'acc@27': 0.375} records/s=44.7
22:47:27 step 40/3020 loss=0.8564 last=0.3908 {'acc@7': 0.5, 'acc@14': 1.0, 'acc@21': 0.875, 'acc@27': 0.875} records/s=59.6
22:47:30 step 60/3020 loss=0.9959 last=0.4924 {'acc@7': 0.375, 'acc@14': 0.875, 'acc@21': 0.875, 'acc@27': 0.875} records/s=68.6
22:47:34 step 80/3020 loss=1.7059 last=1.1903 {'acc@7': 0.125, 'acc@14': 0.375, 'acc@21': 0.625, 'acc@27': 0.75} records/s=72.7
22:47:37 step 100/3020 loss=1.4666 last=1.1584 {'acc@7': 0.0, 'acc@14': 0.5, 'acc@21': 0.75, 'acc@27': 0.625} records/s=76.6
22:47:41 step 120/3020 loss=1.0165 last=0.8493 {'acc@7': 0.625, 'acc@14': 0.75, 'acc@21': 0.75, 'acc@27': 0.75} records/s=79.6
22:47:44 step 140/3020 loss=1.0651 last=0.7678 {'acc@7': 0.25, 'acc@14': 0.625, 'acc@21': 0.75, 'acc@27': 0.75} records/s=82.3
22:47:47 step 160/3020 loss=1.2029 last=0.8833 {'acc@7': 0.375, 'acc@14': 0.875, 'acc@21': 0.75, 'acc@27': 0.625} records/s=84.4
22:47:50 step 180/3020 loss=1.3290 last=0.9870 {'acc@7': 0.5, 'acc@14': 0.5, 'acc@21': 0.625, 'acc@27': 0.5} records/s=86.3
22:47:53 step 200/3020 loss=1.2165 last=0.9130 {'acc@7': 0.375, 'acc@14': 0.5, 'acc@21': 0.75, 'acc@27': 0.625} records/s=87.8
22:47:56 step 220/3020 loss=1.4371 last=1.2464 {'acc@7': 0.375, 'acc@14': 0.75, 'acc@21': 0.75, 'acc@27': 0.75} records/s=89.2
22:48:00 step 240/3020 loss=1.8056 last=1.5939 {'acc@7': 0.125, 'acc@14': 0.5, 'acc@21': 0.5, 'acc@27': 0.5} records/s=87.6
22:48:03 step 260/3020 loss=1.0106 last=0.7270 {'acc@7': 0.5, 'acc@14': 0.75, 'acc@21': 0.625, 'acc@27': 0.625} records/s=89.0
22:48:06 step 280/3020 loss=1.4101 last=1.1332 {'acc@7': 0.5, 'acc@14': 0.25, 'acc@21': 0.5, 'acc@27': 0.625} records/s=89.9
22:48:09 step 300/3020 loss=0.7103 last=0.4046 {'acc@7': 0.625, 'acc@14': 0.875, 'acc@21': 0.875, 'acc@27': 0.875} records/s=90.9
22:48:12 step 320/3020 loss=0.7968 last=0.4201 {'acc@7': 0.5, 'acc@14': 0.5, 'acc@21': 0.875, 'acc@27': 0.875} records/s=92.0
22:48:15 step 340/3020 loss=0.8020 last=0.6011 {'acc@7': 0.625, 'acc@14': 0.625, 'acc@21': 0.875, 'acc@27': 0.75} records/s=93.0
22:48:18 step 360/3020 loss=1.4083 last=1.2467 {'acc@7': 0.375, 'acc@14': 0.75, 'acc@21': 0.75, 'acc@27': 0.75} records/s=93.8
22:48:21 step 380/3020 loss=1.2875 last=0.8718 {'acc@7': 0.25, 'acc@14': 0.875, 'acc@21': 0.5, 'acc@27': 0.5} records/s=94.6
22:48:24 step 400/3020 loss=1.7944 last=1.6658 {'acc@7': 0.125, 'acc@14': 0.625, 'acc@21': 0.625, 'acc@27': 0.625} records/s=95.4
22:48:26 step 420/3020 loss=1.9301 last=1.6541 {'acc@7': 0.375, 'acc@14': 0.625, 'acc@21': 0.625, 'acc@27': 0.625} records/s=96.0
22:48:29 step 440/3020 loss=2.1771 last=1.6988 {'acc@7': 0.25, 'acc@14': 0.375, 'acc@21': 0.625, 'acc@27': 0.625} records/s=96.7
22:48:32 step 460/3020 loss=0.9948 last=0.7235 {'acc@7': 0.25, 'acc@14': 0.75, 'acc@21': 0.75, 'acc@27': 0.75} records/s=97.3
22:48:35 step 480/3020 loss=1.0457 last=0.6677 {'acc@7': 0.375, 'acc@14': 0.625, 'acc@21': 0.625, 'acc@27': 0.75} records/s=97.9
22:48:38 step 500/3020 loss=1.3261 last=0.9587 {'acc@7': 0.375, 'acc@14': 0.75, 'acc@21': 0.5, 'acc@27': 0.5} records/s=98.4
22:48:41 step 520/3020 loss=0.9033 last=0.5915 {'acc@7': 0.625, 'acc@14': 0.75, 'acc@21': 0.875, 'acc@27': 0.75} records/s=98.9
22:48:43 step 540/3020 loss=1.0369 last=0.5880 {'acc@7': 0.375, 'acc@14': 0.625, 'acc@21': 0.75, 'acc@27': 0.75} records/s=99.4
22:48:47 step 560/3020 loss=1.1716 last=0.8433 {'acc@7': 0.0, 'acc@14': 0.625, 'acc@21': 0.625, 'acc@27': 0.75} records/s=99.1
22:48:50 step 580/3020 loss=0.5058 last=0.1101 {'acc@7': 0.375, 'acc@14': 1.0, 'acc@21': 1.0, 'acc@27': 1.0} records/s=99.5
22:48:53 step 600/3020 loss=0.7587 last=0.4853 {'acc@7': 0.375, 'acc@14': 0.875, 'acc@21': 1.0, 'acc@27': 1.0} records/s=99.9
22:48:55 step 620/3020 loss=1.9398 last=1.3695 {'acc@7': 0.125, 'acc@14': 0.5, 'acc@21': 0.375, 'acc@27': 0.5} records/s=100.3
22:48:58 step 640/3020 loss=0.8849 last=0.3040 {'acc@7': 0.125, 'acc@14': 0.75, 'acc@21': 0.875, 'acc@27': 1.0} records/s=100.5
22:49:01 step 660/3020 loss=0.6281 last=0.3906 {'acc@7': 0.625, 'acc@14': 0.875, 'acc@21': 0.875, 'acc@27': 0.875} records/s=100.9
22:49:04 step 680/3020 loss=1.4894 last=1.2001 {'acc@7': 0.125, 'acc@14': 0.5, 'acc@21': 0.625, 'acc@27': 0.5} records/s=101.3
22:49:07 step 700/3020 loss=1.8019 last=1.5036 {'acc@7': 0.25, 'acc@14': 0.5, 'acc@21': 0.5, 'acc@27': 0.5} records/s=101.7
22:49:09 step 720/3020 loss=1.1983 last=0.8758 {'acc@7': 0.625, 'acc@14': 0.875, 'acc@21': 0.875, 'acc@27': 0.875} records/s=102.0
22:49:12 step 740/3020 loss=0.7652 last=0.3887 {'acc@7': 0.25, 'acc@14': 0.75, 'acc@21': 0.75, 'acc@27': 0.875} records/s=102.2
22:49:15 step 760/3020 loss=1.1260 last=0.6260 {'acc@7': 0.25, 'acc@14': 0.75, 'acc@21': 0.75, 'acc@27': 0.75} records/s=102.6
22:49:18 step 780/3020 loss=0.6732 last=0.4525 {'acc@7': 0.25, 'acc@14': 0.875, 'acc@21': 0.875, 'acc@27': 0.875} records/s=102.8
22:49:21 step 800/3020 loss=0.7890 last=0.5097 {'acc@7': 0.5, 'acc@14': 0.75, 'acc@21': 0.875, 'acc@27': 0.875} records/s=103.1
22:49:23 step 820/3020 loss=0.5745 last=0.1622 {'acc@7': 0.625, 'acc@14': 0.875, 'acc@21': 1.0, 'acc@27': 1.0} records/s=103.4
22:49:26 step 840/3020 loss=0.8421 last=0.4902 {'acc@7': 0.375, 'acc@14': 0.875, 'acc@21': 0.875, 'acc@27': 0.875} records/s=103.7
22:49:30 step 860/3020 loss=0.9639 last=0.6832 {'acc@7': 0.375, 'acc@14': 0.875, 'acc@21': 0.875, 'acc@27': 0.875} records/s=103.4
22:49:32 step 880/3020 loss=0.9083 last=0.6468 {'acc@7': 0.5, 'acc@14': 0.625, 'acc@21': 0.75, 'acc@27': 0.75} records/s=103.7
22:49:35 step 900/3020 loss=1.5773 last=1.3024 {'acc@7': 0.375, 'acc@14': 0.625, 'acc@21': 0.75, 'acc@27': 0.75} records/s=103.9
22:49:38 step 920/3020 loss=1.2985 last=0.8850 {'acc@7': 0.25, 'acc@14': 0.625, 'acc@21': 0.75, 'acc@27': 0.75} records/s=104.1
22:49:41 step 940/3020 loss=0.7183 last=0.3171 {'acc@7': 0.5, 'acc@14': 0.75, 'acc@21': 0.75, 'acc@27': 0.875} records/s=104.4
22:49:43 step 960/3020 loss=0.8204 last=0.6421 {'acc@7': 0.375, 'acc@14': 0.75, 'acc@21': 1.0, 'acc@27': 0.75} records/s=104.6
22:49:46 step 980/3020 loss=1.8894 last=1.6583 {'acc@7': 0.125, 'acc@14': 0.375, 'acc@21': 0.375, 'acc@27': 0.375} records/s=104.8
22:49:49 step 1000/3020 loss=1.1951 last=0.9503 {'acc@7': 0.75, 'acc@14': 0.625, 'acc@21': 0.625, 'acc@27': 0.625} records/s=105.0
22:49:52 step 1020/3020 loss=1.3352 last=1.1045 {'acc@7': 0.625, 'acc@14': 0.75, 'acc@21': 0.75, 'acc@27': 0.75} records/s=105.1
22:49:55 step 1040/3020 loss=1.6169 last=1.2236 {'acc@7': 0.375, 'acc@14': 0.5, 'acc@21': 0.625, 'acc@27': 0.75} records/s=105.2
22:49:57 step 1060/3020 loss=0.5835 last=0.2741 {'acc@7': 0.5, 'acc@14': 0.875, 'acc@21': 1.0, 'acc@27': 0.875} records/s=105.3
22:50:00 step 1080/3020 loss=1.6986 last=1.4027 {'acc@7': 0.25, 'acc@14': 0.625, 'acc@21': 0.375, 'acc@27': 0.5} records/s=105.5
22:50:03 step 1100/3020 loss=1.4201 last=1.3184 {'acc@7': 0.5, 'acc@14': 0.625, 'acc@21': 0.5, 'acc@27': 0.5} records/s=105.7
22:50:06 step 1120/3020 loss=1.9108 last=1.5039 {'acc@7': 0.375, 'acc@14': 0.5, 'acc@21': 0.75, 'acc@27': 0.75} records/s=105.8
22:50:09 step 1140/3020 loss=1.5384 last=1.2315 {'acc@7': 0.625, 'acc@14': 0.625, 'acc@21': 0.625, 'acc@27': 0.625} records/s=106.0
22:50:12 step 1160/3020 loss=1.6533 last=1.3608 {'acc@7': 0.25, 'acc@14': 0.375, 'acc@21': 0.625, 'acc@27': 0.5} records/s=105.7
22:50:15 step 1180/3020 loss=0.7388 last=0.2917 {'acc@7': 0.375, 'acc@14': 0.75, 'acc@21': 0.875, 'acc@27': 0.875} records/s=105.8
22:50:18 step 1200/3020 loss=0.9669 last=0.5130 {'acc@7': 0.25, 'acc@14': 0.75, 'acc@21': 0.875, 'acc@27': 0.75} records/s=106.0
22:50:20 step 1220/3020 loss=0.6744 last=0.4646 {'acc@7': 0.375, 'acc@14': 0.75, 'acc@21': 0.75, 'acc@27': 0.875} records/s=106.1
22:50:23 step 1240/3020 loss=0.9563 last=0.6034 {'acc@7': 0.375, 'acc@14': 0.625, 'acc@21': 0.75, 'acc@27': 0.75} records/s=106.2
22:50:26 step 1260/3020 loss=0.3794 last=0.1200 {'acc@7': 0.75, 'acc@14': 0.75, 'acc@21': 1.0, 'acc@27': 1.0} records/s=106.4
22:50:29 step 1280/3020 loss=1.4840 last=1.2098 {'acc@7': 0.25, 'acc@14': 0.75, 'acc@21': 0.625, 'acc@27': 0.625} records/s=106.5
22:50:31 step 1300/3020 loss=0.6225 last=0.2803 {'acc@7': 0.75, 'acc@14': 0.75, 'acc@21': 0.875, 'acc@27': 0.875} records/s=106.7
22:50:34 step 1320/3020 loss=1.5411 last=1.6002 {'acc@7': 0.5, 'acc@14': 0.625, 'acc@21': 0.5, 'acc@27': 0.375} records/s=106.8
22:50:37 step 1340/3020 loss=0.8050 last=0.4646 {'acc@7': 0.375, 'acc@14': 0.625, 'acc@21': 0.875, 'acc@27': 0.875} records/s=106.9
22:50:40 step 1360/3020 loss=1.1237 last=0.8338 {'acc@7': 0.375, 'acc@14': 0.75, 'acc@21': 0.75, 'acc@27': 0.75} records/s=107.0
22:50:43 step 1380/3020 loss=1.0212 last=0.8346 {'acc@7': 0.5, 'acc@14': 0.625, 'acc@21': 0.75, 'acc@27': 0.75} records/s=107.1
22:50:45 step 1400/3020 loss=1.0417 last=0.7865 {'acc@7': 0.75, 'acc@14': 0.625, 'acc@21': 0.625, 'acc@27': 0.625} records/s=107.2
22:50:48 step 1420/3020 loss=1.3457 last=1.0301 {'acc@7': 0.25, 'acc@14': 0.375, 'acc@21': 0.625, 'acc@27': 0.625} records/s=107.3
22:50:51 step 1440/3020 loss=0.6198 last=0.3405 {'acc@7': 0.5, 'acc@14': 1.0, 'acc@21': 0.875, 'acc@27': 1.0} records/s=107.4
22:50:54 step 1460/3020 loss=1.4671 last=1.3769 {'acc@7': 0.25, 'acc@14': 0.5, 'acc@21': 0.75, 'acc@27': 0.75} records/s=107.1
22:50:57 step 1480/3020 loss=2.0601 last=2.3254 {'acc@7': 0.375, 'acc@14': 0.5, 'acc@21': 0.375, 'acc@27': 0.375} records/s=107.2
22:51:00 step 1500/3020 loss=0.5358 last=0.3152 {'acc@7': 0.75, 'acc@14': 0.875, 'acc@21': 0.875, 'acc@27': 1.0} records/s=107.3
22:51:03 step 1520/3020 loss=0.8142 last=0.3675 {'acc@7': 0.625, 'acc@14': 0.75, 'acc@21': 0.75, 'acc@27': 0.875} records/s=107.4
22:51:06 step 1540/3020 loss=1.0953 last=0.7629 {'acc@7': 0.5, 'acc@14': 0.875, 'acc@21': 0.75, 'acc@27': 0.875} records/s=107.6
22:51:08 step 1560/3020 loss=0.7855 last=0.5333 {'acc@7': 0.375, 'acc@14': 0.75, 'acc@21': 0.75, 'acc@27': 0.75} records/s=107.6
22:51:11 step 1580/3020 loss=0.5489 last=0.2312 {'acc@7': 0.5, 'acc@14': 1.0, 'acc@21': 1.0, 'acc@27': 1.0} records/s=107.8
22:51:14 step 1600/3020 loss=1.0910 last=0.8311 {'acc@7': 0.25, 'acc@14': 0.75, 'acc@21': 0.75, 'acc@27': 0.75} records/s=107.9
22:51:17 step 1620/3020 loss=1.1512 last=0.9398 {'acc@7': 0.625, 'acc@14': 0.625, 'acc@21': 0.625, 'acc@27': 0.75} records/s=107.9
22:51:19 step 1640/3020 loss=1.0470 last=0.8708 {'acc@7': 0.375, 'acc@14': 0.625, 'acc@21': 0.75, 'acc@27': 0.625} records/s=108.0
22:51:22 step 1660/3020 loss=0.9830 last=0.5951 {'acc@7': 0.375, 'acc@14': 0.75, 'acc@21': 0.875, 'acc@27': 0.875} records/s=108.1
22:51:25 step 1680/3020 loss=0.9309 last=0.7604 {'acc@7': 0.25, 'acc@14': 0.625, 'acc@21': 0.625, 'acc@27': 0.5} records/s=108.2
22:51:28 step 1700/3020 loss=2.1128 last=1.7334 {'acc@7': 0.25, 'acc@14': 0.5, 'acc@21': 0.625, 'acc@27': 0.625} records/s=108.3
22:51:30 step 1720/3020 loss=0.7797 last=0.4897 {'acc@7': 0.5, 'acc@14': 0.75, 'acc@21': 0.875, 'acc@27': 0.875} records/s=108.4
22:51:33 step 1740/3020 loss=0.6088 last=0.3386 {'acc@7': 0.625, 'acc@14': 0.75, 'acc@21': 0.875, 'acc@27': 1.0} records/s=108.5
22:51:36 step 1760/3020 loss=1.0061 last=0.6273 {'acc@7': 0.5, 'acc@14': 0.625, 'acc@21': 0.625, 'acc@27': 0.625} records/s=108.4
22:51:39 step 1780/3020 loss=1.7308 last=1.4543 {'acc@7': 0.125, 'acc@14': 0.25, 'acc@21': 0.375, 'acc@27': 0.375} records/s=108.3
22:51:42 step 1800/3020 loss=1.2233 last=1.0173 {'acc@7': 0.125, 'acc@14': 0.625, 'acc@21': 0.75, 'acc@27': 0.75} records/s=108.4
22:51:45 step 1820/3020 loss=0.9428 last=0.6369 {'acc@7': 0.125, 'acc@14': 0.875, 'acc@21': 0.875, 'acc@27': 0.75} records/s=108.4
22:51:48 step 1840/3020 loss=1.1256 last=0.8257 {'acc@7': 0.375, 'acc@14': 0.5, 'acc@21': 0.625, 'acc@27': 0.5} records/s=108.5
22:51:51 step 1860/3020 loss=1.1351 last=0.9237 {'acc@7': 0.5, 'acc@14': 0.625, 'acc@21': 0.75, 'acc@27': 0.75} records/s=108.6
22:51:53 step 1880/3020 loss=1.2336 last=0.8172 {'acc@7': 0.25, 'acc@14': 0.625, 'acc@21': 0.75, 'acc@27': 0.625} records/s=108.6
22:51:56 step 1900/3020 loss=1.2075 last=0.8021 {'acc@7': 0.625, 'acc@14': 0.625, 'acc@21': 0.625, 'acc@27': 0.75} records/s=108.7
22:51:59 step 1920/3020 loss=0.6739 last=0.3590 {'acc@7': 0.5, 'acc@14': 0.75, 'acc@21': 0.875, 'acc@27': 1.0} records/s=108.8
22:52:02 step 1940/3020 loss=1.1696 last=0.9396 {'acc@7': 0.625, 'acc@14': 0.625, 'acc@21': 0.625, 'acc@27': 0.625} records/s=108.9
22:52:04 step 1960/3020 loss=1.2375 last=0.9133 {'acc@7': 0.625, 'acc@14': 0.625, 'acc@21': 0.625, 'acc@27': 0.625} records/s=108.9
22:52:07 step 1980/3020 loss=1.1845 last=1.0341 {'acc@7': 0.5, 'acc@14': 0.75, 'acc@21': 0.75, 'acc@27': 0.75} records/s=108.9
22:52:10 step 2000/3020 loss=0.9107 last=0.7340 {'acc@7': 0.5, 'acc@14': 0.875, 'acc@21': 0.75, 'acc@27': 0.75} records/s=108.9
22:52:13 step 2020/3020 loss=1.6971 last=1.4845 {'acc@7': 0.25, 'acc@14': 0.5, 'acc@21': 0.5, 'acc@27': 0.5} records/s=108.9
22:52:16 step 2040/3020 loss=0.5340 last=0.2522 {'acc@7': 0.75, 'acc@14': 0.875, 'acc@21': 0.875, 'acc@27': 1.0} records/s=109.0
22:52:19 step 2060/3020 loss=1.2043 last=0.8889 {'acc@7': 0.25, 'acc@14': 0.5, 'acc@21': 0.75, 'acc@27': 0.625} records/s=109.1
22:52:22 step 2080/3020 loss=0.9613 last=0.6588 {'acc@7': 0.25, 'acc@14': 0.625, 'acc@21': 0.875, 'acc@27': 0.75} records/s=108.9
22:52:25 step 2100/3020 loss=1.6563 last=1.2411 {'acc@7': 0.125, 'acc@14': 0.625, 'acc@21': 0.625, 'acc@27': 0.5} records/s=108.9
22:52:28 step 2120/3020 loss=1.7182 last=1.4661 {'acc@7': 0.625, 'acc@14': 0.5, 'acc@21': 0.75, 'acc@27': 0.625} records/s=109.0
22:52:31 step 2140/3020 loss=0.6745 last=0.3000 {'acc@7': 0.125, 'acc@14': 0.875, 'acc@21': 1.0, 'acc@27': 0.875} records/s=109.0
22:52:33 step 2160/3020 loss=1.0848 last=0.8928 {'acc@7': 0.5, 'acc@14': 0.625, 'acc@21': 0.625, 'acc@27': 0.625} records/s=109.1
22:52:36 step 2180/3020 loss=0.9786 last=0.5472 {'acc@7': 0.5, 'acc@14': 0.75, 'acc@21': 0.875, 'acc@27': 0.875} records/s=109.1
22:52:39 step 2200/3020 loss=1.4718 last=1.2184 {'acc@7': 0.125, 'acc@14': 0.75, 'acc@21': 0.75, 'acc@27': 0.75} records/s=109.2
22:52:42 step 2220/3020 loss=1.2606 last=0.9568 {'acc@7': 0.25, 'acc@14': 0.375, 'acc@21': 0.625, 'acc@27': 0.625} records/s=109.2
22:52:44 step 2240/3020 loss=1.5166 last=1.1744 {'acc@7': 0.375, 'acc@14': 0.5, 'acc@21': 0.5, 'acc@27': 0.625} records/s=109.3
22:52:47 step 2260/3020 loss=1.8251 last=1.7624 {'acc@7': 0.375, 'acc@14': 0.5, 'acc@21': 0.25, 'acc@27': 0.25} records/s=109.3
22:52:50 step 2280/3020 loss=1.4112 last=1.1810 {'acc@7': 0.375, 'acc@14': 0.625, 'acc@21': 0.625, 'acc@27': 0.625} records/s=109.4
22:52:53 step 2300/3020 loss=0.7638 last=0.4918 {'acc@7': 0.5, 'acc@14': 0.875, 'acc@21': 0.875, 'acc@27': 0.875} records/s=109.5
22:52:55 step 2320/3020 loss=1.7990 last=1.6610 {'acc@7': 0.375, 'acc@14': 0.375, 'acc@21': 0.5, 'acc@27': 0.5} records/s=109.5
22:52:58 step 2340/3020 loss=0.6919 last=0.3661 {'acc@7': 0.5, 'acc@14': 0.625, 'acc@21': 1.0, 'acc@27': 0.875} records/s=109.6
22:53:01 step 2360/3020 loss=0.7087 last=0.5526 {'acc@7': 0.5, 'acc@14': 0.875, 'acc@21': 0.875, 'acc@27': 0.875} records/s=109.6
22:53:05 step 2380/3020 loss=0.6756 last=0.4854 {'acc@7': 0.625, 'acc@14': 0.875, 'acc@21': 0.75, 'acc@27': 0.875} records/s=109.4
22:53:07 step 2400/3020 loss=1.7673 last=1.6123 {'acc@7': 0.25, 'acc@14': 0.625, 'acc@21': 0.75, 'acc@27': 0.625} records/s=109.5
22:53:10 step 2420/3020 loss=1.9170 last=1.6871 {'acc@7': 0.125, 'acc@14': 0.5, 'acc@21': 0.5, 'acc@27': 0.625} records/s=109.5
22:53:13 step 2440/3020 loss=1.8172 last=1.7219 {'acc@7': 0.375, 'acc@14': 0.625, 'acc@21': 0.75, 'acc@27': 0.625} records/s=109.6
22:53:16 step 2460/3020 loss=0.8328 last=0.5435 {'acc@7': 0.5, 'acc@14': 0.875, 'acc@21': 0.75, 'acc@27': 0.875} records/s=109.6
22:53:18 step 2480/3020 loss=1.4985 last=1.2043 {'acc@7': 0.5, 'acc@14': 0.625, 'acc@21': 0.625, 'acc@27': 0.625} records/s=109.7
22:53:21 step 2500/3020 loss=2.2287 last=2.1109 {'acc@7': 0.375, 'acc@14': 0.5, 'acc@21': 0.5, 'acc@27': 0.5} records/s=109.7
22:53:24 step 2520/3020 loss=1.0097 last=0.6432 {'acc@7': 0.5, 'acc@14': 0.5, 'acc@21': 0.875, 'acc@27': 0.75} records/s=109.7
22:53:27 step 2540/3020 loss=1.0323 last=0.7667 {'acc@7': 0.25, 'acc@14': 0.75, 'acc@21': 0.875, 'acc@27': 0.75} records/s=109.8
22:53:29 step 2560/3020 loss=0.9597 last=0.6888 {'acc@7': 0.5, 'acc@14': 0.875, 'acc@21': 0.875, 'acc@27': 0.75} records/s=109.8
22:53:32 step 2580/3020 loss=0.9927 last=0.8151 {'acc@7': 0.625, 'acc@14': 0.625, 'acc@21': 0.75, 'acc@27': 0.625} records/s=109.9
22:53:35 step 2600/3020 loss=1.6570 last=1.5980 {'acc@7': 0.5, 'acc@14': 0.625, 'acc@21': 0.625, 'acc@27': 0.625} records/s=109.9
22:53:38 step 2620/3020 loss=1.3780 last=1.1273 {'acc@7': 0.25, 'acc@14': 0.375, 'acc@21': 0.5, 'acc@27': 0.375} records/s=109.9
22:53:41 step 2640/3020 loss=1.2362 last=0.9795 {'acc@7': 0.5, 'acc@14': 0.375, 'acc@21': 0.625, 'acc@27': 0.625} records/s=110.0
22:53:43 step 2660/3020 loss=0.6599 last=0.3284 {'acc@7': 0.375, 'acc@14': 0.875, 'acc@21': 0.875, 'acc@27': 0.875} records/s=110.0
22:53:47 step 2680/3020 loss=0.8635 last=0.5756 {'acc@7': 0.375, 'acc@14': 0.875, 'acc@21': 0.875, 'acc@27': 0.875} records/s=109.9
22:53:50 step 2700/3020 loss=1.0473 last=0.6914 {'acc@7': 0.375, 'acc@14': 0.625, 'acc@21': 0.625, 'acc@27': 0.625} records/s=109.9
22:53:52 step 2720/3020 loss=1.1336 last=0.9028 {'acc@7': 0.375, 'acc@14': 0.625, 'acc@21': 0.75, 'acc@27': 0.75} records/s=109.9
22:53:55 step 2740/3020 loss=1.0374 last=0.8213 {'acc@7': 0.5, 'acc@14': 0.875, 'acc@21': 0.875, 'acc@27': 0.875} records/s=110.0
22:53:58 step 2760/3020 loss=0.9032 last=0.5171 {'acc@7': 0.5, 'acc@14': 0.75, 'acc@21': 0.75, 'acc@27': 0.875} records/s=110.0
22:54:01 step 2780/3020 loss=1.0796 last=0.7440 {'acc@7': 0.375, 'acc@14': 0.625, 'acc@21': 0.625, 'acc@27': 0.625} records/s=110.1
22:54:03 step 2800/3020 loss=0.8728 last=0.6545 {'acc@7': 0.375, 'acc@14': 0.625, 'acc@21': 0.75, 'acc@27': 0.625} records/s=110.1
22:54:06 step 2820/3020 loss=0.8265 last=0.6709 {'acc@7': 0.375, 'acc@14': 0.75, 'acc@21': 0.875, 'acc@27': 0.75} records/s=110.1
22:54:09 step 2840/3020 loss=0.8522 last=0.5694 {'acc@7': 0.5, 'acc@14': 0.75, 'acc@21': 0.875, 'acc@27': 0.875} records/s=110.2
22:54:12 step 2860/3020 loss=0.5461 last=0.3067 {'acc@7': 0.625, 'acc@14': 0.75, 'acc@21': 0.875, 'acc@27': 0.875} records/s=110.2
22:54:14 step 2880/3020 loss=0.6741 last=0.3398 {'acc@7': 0.5, 'acc@14': 1.0, 'acc@21': 0.875, 'acc@27': 0.875} records/s=110.3
22:54:17 step 2900/3020 loss=1.7894 last=1.3579 {'acc@7': 0.375, 'acc@14': 0.25, 'acc@21': 0.5, 'acc@27': 0.625} records/s=110.3
22:54:20 step 2920/3020 loss=0.7431 last=0.3909 {'acc@7': 0.375, 'acc@14': 0.875, 'acc@21': 0.875, 'acc@27': 1.0} records/s=110.3
22:54:23 step 2940/3020 loss=1.9080 last=1.8027 {'acc@7': 0.25, 'acc@14': 0.5, 'acc@21': 0.5, 'acc@27': 0.5} records/s=110.4
22:54:25 step 2960/3020 loss=0.8280 last=0.4988 {'acc@7': 0.375, 'acc@14': 0.625, 'acc@21': 0.625, 'acc@27': 0.625} records/s=110.4
22:54:29 step 2980/3020 loss=1.2031 last=0.7585 {'acc@7': 0.5, 'acc@14': 0.625, 'acc@21': 0.75, 'acc@27': 0.625} records/s=110.3
22:54:32 step 3000/3020 loss=0.7598 last=0.4679 {'acc@7': 0.125, 'acc@14': 0.875, 'acc@21': 0.875, 'acc@27': 0.875} records/s=110.3
22:54:34 step 3020/3020 loss=1.5503 last=1.2807 {'acc@7': 0.375, 'acc@14': 0.5, 'acc@21': 0.375, 'acc@27': 0.375} records/s=110.3
22:56:07 layer  0 hr@1=0.1548 ndcg@10=0.4039 nll=2.776 ece=0.006 T=0.98
22:56:07 layer  1 hr@1=0.1700 ndcg@10=0.4284 nll=2.710 ece=0.012 T=0.92
22:56:07 layer  2 hr@1=0.2053 ndcg@10=0.4732 nll=2.566 ece=0.017 T=0.86
22:56:07 layer  3 hr@1=0.2750 ndcg@10=0.5353 nll=2.388 ece=0.012 T=0.85
22:56:07 layer  4 hr@1=0.3075 ndcg@10=0.5627 nll=2.297 ece=0.018 T=0.90
22:56:07 layer  5 hr@1=0.3281 ndcg@10=0.5805 nll=2.239 ece=0.014 T=0.91
22:56:07 layer  6 hr@1=0.3224 ndcg@10=0.5769 nll=2.255 ece=0.014 T=0.92
22:56:07 layer  7 hr@1=0.3881 ndcg@10=0.6304 nll=2.047 ece=0.014 T=0.92
22:56:07 layer  8 hr@1=0.4157 ndcg@10=0.6581 nll=1.934 ece=0.017 T=0.95
22:56:07 layer  9 hr@1=0.4482 ndcg@10=0.6777 nll=1.843 ece=0.016 T=0.97
22:56:07 layer 10 hr@1=0.4778 ndcg@10=0.7027 nll=1.735 ece=0.021 T=1.08
22:56:07 layer 11 hr@1=0.4982 ndcg@10=0.7174 nll=1.660 ece=0.024 T=1.12
22:56:07 layer 12 hr@1=0.5296 ndcg@10=0.7366 nll=1.548 ece=0.015 T=1.15
22:56:07 layer 13 hr@1=0.5470 ndcg@10=0.7480 nll=1.483 ece=0.013 T=1.16
22:56:07 layer 14 hr@1=0.5707 ndcg@10=0.7632 nll=1.402 ece=0.024 T=1.14
22:56:07 layer 15 hr@1=0.5879 ndcg@10=0.7746 nll=1.343 ece=0.023 T=1.17
22:56:07 layer 16 hr@1=0.5947 ndcg@10=0.7788 nll=1.319 ece=0.026 T=1.19
22:56:07 layer 17 hr@1=0.5997 ndcg@10=0.7815 nll=1.308 ece=0.026 T=1.19
22:56:07 layer 18 hr@1=0.5995 ndcg@10=0.7822 nll=1.303 ece=0.029 T=1.19
22:56:07 layer 19 hr@1=0.6003 ndcg@10=0.7829 nll=1.300 ece=0.029 T=1.19
22:56:07 layer 20 hr@1=0.5985 ndcg@10=0.7822 nll=1.301 ece=0.030 T=1.18
22:56:07 layer 21 hr@1=0.5998 ndcg@10=0.7830 nll=1.300 ece=0.027 T=1.19
22:56:07 layer 22 hr@1=0.6002 ndcg@10=0.7829 nll=1.299 ece=0.028 T=1.19
22:56:07 layer 23 hr@1=0.5993 ndcg@10=0.7826 nll=1.299 ece=0.029 T=1.19
22:56:07 layer 24 hr@1=0.5974 ndcg@10=0.7821 nll=1.298 ece=0.030 T=1.19
22:56:07 layer 25 hr@1=0.5990 ndcg@10=0.7823 nll=1.297 ece=0.029 T=1.19
22:56:07 layer 26 hr@1=0.5982 ndcg@10=0.7822 nll=1.297 ece=0.028 T=1.20
22:56:07 layer 27 hr@1=0.6045 ndcg@10=0.7855 nll=1.288 ece=0.023 T=1.20
/usr/local/lib/python3.12/dist-packages/torch/distributed/c10d_logger.py:83: UserWarning: barrier(): using the device under current context. You can specify `device_id` in `init_process_group` to mute this warning.
  return func(*args, **kwargs)
