W0928 22:46:50.834000 831 torch/distributed/run.py:874] 
W0928 22:46:50.834000 831 torch/distributed/run.py:874] *****************************************
W0928 22:46:50.834000 831 torch/distributed/run.py:874] Setting OMP_NUM_THREADS environment variable for each process to be 1 in default, to avoid your system being overloaded, please further tune the variable for optimal performance in your application as needed. 
W0928 22:46:50.834000 831 torch/distributed/run.py:874] *****************************************
Warning: You are sending unauthenticated requests to the HF Hub. Please set a HF_TOKEN to enable higher rate limits and faster downloads.
Warning: You are sending unauthenticated requests to the HF Hub. Please set a HF_TOKEN to enable higher rate limits and faster downloads.
Loading weights:   0%|          | 0/399 [00:00<?, ?it/s]Loading weights:  30%|███       | 120/399 [00:00<00:00, 1197.09it/s]Loading weights:  60%|██████    | 240/399 [00:00<00:00, 1137.98it/s]Loading weights:  93%|█████████▎| 372/399 [00:00<00:00, 1209.06it/s]Loading weights: 100%|██████████| 399/399 [00:00<00:00, 1227.16it/s]
Loading weights:   0%|          | 0/399 [00:00<?, ?it/s]Loading weights: 100%|██████████| 399/399 [00:00<00:00, 9436.46it/s]
22:48:15 loaded 506 tensors from runs/q8b/isolated/trainable.pt
22:48:24 variant=retrofit layers=36 world=2 trainable=0.14M (heads 70 tensors)
22:48:28 train records/epoch=48320 steps=3020
22:48:39 step 20/3020 loss=2.5983 last=2.0337 {'acc@9': 0.25, 'acc@18': 0.375, 'acc@27': 0.5, 'acc@35': 0.5} records/s=29.0
22:48:46 step 40/3020 loss=0.9381 last=0.4306 {'acc@9': 0.375, 'acc@18': 0.75, 'acc@27': 0.875, 'acc@35': 0.875} records/s=34.4
22:48:53 step 60/3020 loss=0.8372 last=0.3074 {'acc@9': 0.375, 'acc@18': 0.875, 'acc@27': 0.875, 'acc@35': 0.875} records/s=37.1
22:49:01 step 80/3020 loss=1.4491 last=0.9758 {'acc@9': 0.0, 'acc@18': 0.5, 'acc@27': 0.625, 'acc@35': 0.625} records/s=38.2
22:49:08 step 100/3020 loss=1.3048 last=0.9226 {'acc@9': 0.125, 'acc@18': 0.375, 'acc@27': 0.625, 'acc@35': 0.625} records/s=39.2
22:49:16 step 120/3020 loss=0.9007 last=0.6826 {'acc@9': 0.625, 'acc@18': 0.875, 'acc@27': 0.75, 'acc@35': 0.75} records/s=40.0
22:49:23 step 140/3020 loss=0.9834 last=0.6905 {'acc@9': 0.5, 'acc@18': 0.75, 'acc@27': 0.75, 'acc@35': 0.75} records/s=40.6
22:49:30 step 160/3020 loss=1.0310 last=0.6555 {'acc@9': 0.375, 'acc@18': 0.75, 'acc@27': 0.875, 'acc@35': 0.875} records/s=41.1
22:49:37 step 180/3020 loss=1.1471 last=0.8106 {'acc@9': 0.375, 'acc@18': 0.75, 'acc@27': 0.625, 'acc@35': 0.625} records/s=41.5
22:49:44 step 200/3020 loss=0.9389 last=0.6373 {'acc@9': 0.5, 'acc@18': 0.75, 'acc@27': 0.875, 'acc@35': 0.875} records/s=41.8
22:49:51 step 220/3020 loss=1.4145 last=1.1741 {'acc@9': 0.25, 'acc@18': 0.75, 'acc@27': 0.75, 'acc@35': 0.75} records/s=42.0
22:49:59 step 240/3020 loss=1.5812 last=1.3301 {'acc@9': 0.375, 'acc@18': 0.625, 'acc@27': 0.5, 'acc@35': 0.375} records/s=42.1
22:50:06 step 260/3020 loss=1.0289 last=0.7058 {'acc@9': 0.5, 'acc@18': 0.75, 'acc@27': 0.75, 'acc@35': 0.75} records/s=42.4
22:50:13 step 280/3020 loss=1.1879 last=0.9124 {'acc@9': 0.25, 'acc@18': 0.625, 'acc@27': 0.75, 'acc@35': 0.75} records/s=42.6
22:50:20 step 300/3020 loss=0.6037 last=0.3380 {'acc@9': 0.5, 'acc@18': 0.875, 'acc@27': 0.875, 'acc@35': 0.875} records/s=42.7
22:50:27 step 320/3020 loss=0.8801 last=0.6075 {'acc@9': 0.625, 'acc@18': 0.625, 'acc@27': 0.625, 'acc@35': 0.625} records/s=42.9
22:50:34 step 340/3020 loss=0.9671 last=0.7211 {'acc@9': 0.75, 'acc@18': 0.625, 'acc@27': 0.875, 'acc@35': 0.875} records/s=43.2
22:50:41 step 360/3020 loss=1.1370 last=0.9054 {'acc@9': 0.375, 'acc@18': 0.625, 'acc@27': 0.875, 'acc@35': 0.875} records/s=43.3
22:50:47 step 380/3020 loss=1.0019 last=0.6173 {'acc@9': 0.375, 'acc@18': 0.625, 'acc@27': 0.75, 'acc@35': 0.75} records/s=43.5
22:50:54 step 400/3020 loss=1.5818 last=1.4089 {'acc@9': 0.125, 'acc@18': 0.625, 'acc@27': 0.625, 'acc@35': 0.625} records/s=43.6
22:51:01 step 420/3020 loss=2.1213 last=1.8754 {'acc@9': 0.375, 'acc@18': 0.25, 'acc@27': 0.625, 'acc@35': 0.625} records/s=43.7
22:51:08 step 440/3020 loss=1.9348 last=1.4704 {'acc@9': 0.125, 'acc@18': 0.5, 'acc@27': 0.625, 'acc@35': 0.625} records/s=43.9
22:51:15 step 460/3020 loss=0.5782 last=0.2935 {'acc@9': 0.25, 'acc@18': 0.875, 'acc@27': 1.0, 'acc@35': 1.0} records/s=44.0
22:51:22 step 480/3020 loss=0.9181 last=0.5793 {'acc@9': 0.25, 'acc@18': 0.75, 'acc@27': 0.875, 'acc@35': 0.875} records/s=44.1
22:51:29 step 500/3020 loss=1.0421 last=0.7314 {'acc@9': 0.375, 'acc@18': 0.75, 'acc@27': 0.5, 'acc@35': 0.75} records/s=44.2
22:51:36 step 520/3020 loss=0.8284 last=0.6070 {'acc@9': 0.375, 'acc@18': 0.75, 'acc@27': 0.75, 'acc@35': 0.75} records/s=44.3
22:51:43 step 540/3020 loss=0.9000 last=0.6143 {'acc@9': 0.375, 'acc@18': 0.875, 'acc@27': 0.75, 'acc@35': 0.875} records/s=44.2
22:51:50 step 560/3020 loss=1.0373 last=0.7741 {'acc@9': 0.125, 'acc@18': 0.75, 'acc@27': 0.75, 'acc@35': 0.75} records/s=44.3
22:51:57 step 580/3020 loss=0.4565 last=0.0913 {'acc@9': 0.5, 'acc@18': 1.0, 'acc@27': 1.0, 'acc@35': 1.0} records/s=44.4
22:52:04 step 600/3020 loss=0.8385 last=0.5761 {'acc@9': 0.375, 'acc@18': 0.875, 'acc@27': 0.875, 'acc@35': 0.875} records/s=44.4
22:52:11 step 620/3020 loss=1.9688 last=1.4978 {'acc@9': 0.25, 'acc@18': 0.625, 'acc@27': 0.375, 'acc@35': 0.375} records/s=44.5
22:52:18 step 640/3020 loss=0.9446 last=0.4495 {'acc@9': 0.25, 'acc@18': 0.75, 'acc@27': 0.875, 'acc@35': 0.875} records/s=44.5
22:52:25 step 660/3020 loss=0.7209 last=0.3720 {'acc@9': 0.5, 'acc@18': 0.75, 'acc@27': 0.75, 'acc@35': 0.875} records/s=44.6
22:52:31 step 680/3020 loss=1.5689 last=1.2535 {'acc@9': 0.0, 'acc@18': 0.5, 'acc@27': 0.5, 'acc@35': 0.5} records/s=44.6
22:52:38 step 700/3020 loss=1.7277 last=1.5305 {'acc@9': 0.5, 'acc@18': 0.5, 'acc@27': 0.5, 'acc@35': 0.5} records/s=44.7
22:52:45 step 720/3020 loss=0.8995 last=0.5744 {'acc@9': 0.5, 'acc@18': 0.875, 'acc@27': 0.875, 'acc@35': 0.875} records/s=44.8
22:52:52 step 740/3020 loss=0.6173 last=0.2656 {'acc@9': 0.25, 'acc@18': 1.0, 'acc@27': 0.875, 'acc@35': 0.875} records/s=44.8
22:52:59 step 760/3020 loss=0.9349 last=0.5744 {'acc@9': 0.5, 'acc@18': 0.75, 'acc@27': 0.5, 'acc@35': 0.625} records/s=44.8
22:53:06 step 780/3020 loss=0.6089 last=0.4314 {'acc@9': 0.5, 'acc@18': 0.875, 'acc@27': 0.875, 'acc@35': 0.875} records/s=44.9
22:53:12 step 800/3020 loss=0.6626 last=0.4060 {'acc@9': 0.625, 'acc@18': 0.75, 'acc@27': 0.75, 'acc@35': 0.75} records/s=44.9
22:53:19 step 820/3020 loss=0.5485 last=0.1479 {'acc@9': 0.375, 'acc@18': 0.875, 'acc@27': 0.875, 'acc@35': 0.875} records/s=45.0
22:53:27 step 840/3020 loss=0.8439 last=0.5716 {'acc@9': 0.375, 'acc@18': 0.875, 'acc@27': 0.875, 'acc@35': 0.75} records/s=44.9
22:53:33 step 860/3020 loss=0.8974 last=0.6349 {'acc@9': 0.25, 'acc@18': 0.75, 'acc@27': 0.75, 'acc@35': 0.75} records/s=45.0
22:53:40 step 880/3020 loss=0.7405 last=0.4976 {'acc@9': 0.5, 'acc@18': 0.75, 'acc@27': 0.75, 'acc@35': 1.0} records/s=45.0
22:53:47 step 900/3020 loss=0.9151 last=0.6613 {'acc@9': 0.5, 'acc@18': 0.75, 'acc@27': 0.75, 'acc@35': 0.75} records/s=45.1
22:53:54 step 920/3020 loss=1.3049 last=1.0246 {'acc@9': 0.25, 'acc@18': 0.5, 'acc@27': 0.75, 'acc@35': 0.625} records/s=45.1
22:54:01 step 940/3020 loss=0.5640 last=0.2385 {'acc@9': 0.5, 'acc@18': 0.875, 'acc@27': 1.0, 'acc@35': 0.875} records/s=45.2
22:54:08 step 960/3020 loss=0.8881 last=0.7412 {'acc@9': 0.5, 'acc@18': 0.625, 'acc@27': 0.75, 'acc@35': 0.75} records/s=45.2
22:54:14 step 980/3020 loss=1.7386 last=1.5820 {'acc@9': 0.25, 'acc@18': 0.5, 'acc@27': 0.5, 'acc@35': 0.5} records/s=45.2
22:54:21 step 1000/3020 loss=1.1841 last=1.0254 {'acc@9': 0.5, 'acc@18': 0.625, 'acc@27': 0.625, 'acc@35': 0.625} records/s=45.2
22:54:28 step 1020/3020 loss=1.0665 last=0.9704 {'acc@9': 0.5, 'acc@18': 0.75, 'acc@27': 0.75, 'acc@35': 0.75} records/s=45.3
22:54:35 step 1040/3020 loss=1.5752 last=1.3674 {'acc@9': 0.375, 'acc@18': 0.625, 'acc@27': 0.5, 'acc@35': 0.5} records/s=45.3
22:54:42 step 1060/3020 loss=0.3711 last=0.0886 {'acc@9': 0.625, 'acc@18': 1.0, 'acc@27': 1.0, 'acc@35': 1.0} records/s=45.3
22:54:49 step 1080/3020 loss=1.0396 last=0.6979 {'acc@9': 0.125, 'acc@18': 0.625, 'acc@27': 0.75, 'acc@35': 0.75} records/s=45.3
22:54:56 step 1100/3020 loss=1.4867 last=1.3811 {'acc@9': 0.5, 'acc@18': 0.75, 'acc@27': 0.625, 'acc@35': 0.625} records/s=45.3
22:55:03 step 1120/3020 loss=1.6881 last=1.2748 {'acc@9': 0.25, 'acc@18': 0.625, 'acc@27': 0.75, 'acc@35': 0.75} records/s=45.4
22:55:10 step 1140/3020 loss=1.1335 last=0.9908 {'acc@9': 0.625, 'acc@18': 0.75, 'acc@27': 0.625, 'acc@35': 0.625} records/s=45.4
22:55:17 step 1160/3020 loss=1.1424 last=1.0309 {'acc@9': 0.375, 'acc@18': 0.75, 'acc@27': 0.875, 'acc@35': 0.75} records/s=45.4
22:55:23 step 1180/3020 loss=0.7931 last=0.3995 {'acc@9': 0.375, 'acc@18': 0.625, 'acc@27': 0.75, 'acc@35': 0.75} records/s=45.4
22:55:30 step 1200/3020 loss=0.7773 last=0.4370 {'acc@9': 0.375, 'acc@18': 0.875, 'acc@27': 0.75, 'acc@35': 0.75} records/s=45.4
22:55:37 step 1220/3020 loss=0.5804 last=0.3716 {'acc@9': 0.5, 'acc@18': 0.875, 'acc@27': 1.0, 'acc@35': 0.75} records/s=45.5
22:55:44 step 1240/3020 loss=0.9423 last=0.7542 {'acc@9': 0.625, 'acc@18': 0.5, 'acc@27': 0.625, 'acc@35': 0.75} records/s=45.5
22:55:51 step 1260/3020 loss=0.3744 last=0.1113 {'acc@9': 0.625, 'acc@18': 0.75, 'acc@27': 1.0, 'acc@35': 1.0} records/s=45.5
22:55:58 step 1280/3020 loss=1.4381 last=1.1944 {'acc@9': 0.375, 'acc@18': 0.75, 'acc@27': 0.625, 'acc@35': 0.625} records/s=45.5
22:56:04 step 1300/3020 loss=0.4031 last=0.1393 {'acc@9': 0.5, 'acc@18': 0.875, 'acc@27': 1.0, 'acc@35': 1.0} records/s=45.5
22:56:11 step 1320/3020 loss=1.6361 last=1.5625 {'acc@9': 0.375, 'acc@18': 0.75, 'acc@27': 0.5, 'acc@35': 0.5} records/s=45.5
22:56:18 step 1340/3020 loss=0.5972 last=0.3402 {'acc@9': 0.375, 'acc@18': 0.875, 'acc@27': 0.875, 'acc@35': 0.875} records/s=45.6
22:56:25 step 1360/3020 loss=0.9799 last=0.7075 {'acc@9': 0.5, 'acc@18': 0.75, 'acc@27': 0.875, 'acc@35': 0.875} records/s=45.6
22:56:32 step 1380/3020 loss=0.8626 last=0.6676 {'acc@9': 0.25, 'acc@18': 0.75, 'acc@27': 0.875, 'acc@35': 0.75} records/s=45.6
22:56:39 step 1400/3020 loss=0.9198 last=0.6528 {'acc@9': 0.75, 'acc@18': 0.75, 'acc@27': 0.75, 'acc@35': 0.75} records/s=45.6
22:56:46 step 1420/3020 loss=1.0162 last=0.7208 {'acc@9': 0.5, 'acc@18': 0.75, 'acc@27': 0.875, 'acc@35': 0.875} records/s=45.6
22:56:53 step 1440/3020 loss=0.4961 last=0.1951 {'acc@9': 0.375, 'acc@18': 0.75, 'acc@27': 1.0, 'acc@35': 1.0} records/s=45.6
22:57:00 step 1460/3020 loss=1.5639 last=1.3519 {'acc@9': 0.375, 'acc@18': 0.375, 'acc@27': 0.75, 'acc@35': 0.75} records/s=45.6
22:57:07 step 1480/3020 loss=1.8568 last=1.8770 {'acc@9': 0.375, 'acc@18': 0.375, 'acc@27': 0.5, 'acc@35': 0.5} records/s=45.6
22:57:14 step 1500/3020 loss=0.7396 last=0.5866 {'acc@9': 0.875, 'acc@18': 1.0, 'acc@27': 0.875, 'acc@35': 0.875} records/s=45.6
22:57:21 step 1520/3020 loss=0.6653 last=0.4792 {'acc@9': 0.375, 'acc@18': 0.875, 'acc@27': 0.75, 'acc@35': 0.75} records/s=45.6
22:57:28 step 1540/3020 loss=0.7158 last=0.4741 {'acc@9': 0.5, 'acc@18': 0.875, 'acc@27': 0.75, 'acc@35': 0.875} records/s=45.6
22:57:34 step 1560/3020 loss=0.5995 last=0.3156 {'acc@9': 0.5, 'acc@18': 0.75, 'acc@27': 0.875, 'acc@35': 1.0} records/s=45.6
22:57:41 step 1580/3020 loss=0.5643 last=0.2928 {'acc@9': 0.625, 'acc@18': 1.0, 'acc@27': 1.0, 'acc@35': 1.0} records/s=45.7
22:57:48 step 1600/3020 loss=1.0676 last=0.8341 {'acc@9': 0.375, 'acc@18': 0.625, 'acc@27': 0.625, 'acc@35': 0.625} records/s=45.7
22:57:55 step 1620/3020 loss=1.0110 last=0.8153 {'acc@9': 0.125, 'acc@18': 0.625, 'acc@27': 0.75, 'acc@35': 0.75} records/s=45.7
22:58:02 step 1640/3020 loss=0.9638 last=0.7807 {'acc@9': 0.375, 'acc@18': 0.75, 'acc@27': 0.75, 'acc@35': 0.75} records/s=45.7
22:58:08 step 1660/3020 loss=0.6549 last=0.3744 {'acc@9': 0.375, 'acc@18': 0.875, 'acc@27': 1.0, 'acc@35': 0.875} records/s=45.7
22:58:15 step 1680/3020 loss=0.7410 last=0.5161 {'acc@9': 0.75, 'acc@18': 0.875, 'acc@27': 0.75, 'acc@35': 0.75} records/s=45.7
22:58:22 step 1700/3020 loss=2.2181 last=1.9436 {'acc@9': 0.125, 'acc@18': 0.625, 'acc@27': 0.625, 'acc@35': 0.625} records/s=45.8
22:58:29 step 1720/3020 loss=0.6142 last=0.3557 {'acc@9': 0.625, 'acc@18': 0.75, 'acc@27': 0.875, 'acc@35': 0.875} records/s=45.8
22:58:36 step 1740/3020 loss=0.5570 last=0.3693 {'acc@9': 0.625, 'acc@18': 0.875, 'acc@27': 0.875, 'acc@35': 0.875} records/s=45.8
22:58:43 step 1760/3020 loss=0.9943 last=0.7248 {'acc@9': 0.5, 'acc@18': 0.75, 'acc@27': 0.75, 'acc@35': 0.75} records/s=45.8
22:58:50 step 1780/3020 loss=1.5192 last=1.2278 {'acc@9': 0.25, 'acc@18': 0.5, 'acc@27': 0.625, 'acc@35': 0.5} records/s=45.8
22:58:57 step 1800/3020 loss=1.3518 last=1.0771 {'acc@9': 0.375, 'acc@18': 0.75, 'acc@27': 0.75, 'acc@35': 0.75} records/s=45.8
22:59:04 step 1820/3020 loss=0.9202 last=0.5803 {'acc@9': 0.25, 'acc@18': 0.75, 'acc@27': 0.75, 'acc@35': 0.75} records/s=45.8
22:59:10 step 1840/3020 loss=0.9359 last=0.6263 {'acc@9': 0.5, 'acc@18': 0.75, 'acc@27': 0.875, 'acc@35': 0.875} records/s=45.8
22:59:17 step 1860/3020 loss=1.1201 last=1.0476 {'acc@9': 0.75, 'acc@18': 0.75, 'acc@27': 0.75, 'acc@35': 0.75} records/s=45.8
22:59:24 step 1880/3020 loss=1.0543 last=0.6796 {'acc@9': 0.25, 'acc@18': 0.75, 'acc@27': 0.75, 'acc@35': 0.75} records/s=45.8
22:59:31 step 1900/3020 loss=0.9829 last=0.7785 {'acc@9': 0.75, 'acc@18': 0.75, 'acc@27': 0.75, 'acc@35': 0.75} records/s=45.8
22:59:38 step 1920/3020 loss=0.5021 last=0.2608 {'acc@9': 0.5, 'acc@18': 0.875, 'acc@27': 0.875, 'acc@35': 0.875} records/s=45.9
22:59:44 step 1940/3020 loss=0.9919 last=0.8249 {'acc@9': 0.125, 'acc@18': 0.75, 'acc@27': 0.625, 'acc@35': 0.625} records/s=45.9
22:59:51 step 1960/3020 loss=0.8204 last=0.6199 {'acc@9': 0.625, 'acc@18': 0.875, 'acc@27': 0.875, 'acc@35': 0.875} records/s=45.9
22:59:58 step 1980/3020 loss=0.9669 last=0.7680 {'acc@9': 0.5, 'acc@18': 0.625, 'acc@27': 0.75, 'acc@35': 0.75} records/s=45.9
23:00:05 step 2000/3020 loss=0.8183 last=0.7122 {'acc@9': 0.5, 'acc@18': 0.75, 'acc@27': 0.75, 'acc@35': 0.75} records/s=45.9
23:00:12 step 2020/3020 loss=1.5109 last=1.1995 {'acc@9': 0.375, 'acc@18': 0.25, 'acc@27': 0.625, 'acc@35': 0.625} records/s=45.9
23:00:19 step 2040/3020 loss=0.4379 last=0.1788 {'acc@9': 0.625, 'acc@18': 0.875, 'acc@27': 0.875, 'acc@35': 1.0} records/s=45.9
23:00:26 step 2060/3020 loss=1.0894 last=0.7551 {'acc@9': 0.25, 'acc@18': 0.625, 'acc@27': 0.625, 'acc@35': 0.75} records/s=45.9
23:00:33 step 2080/3020 loss=0.9858 last=0.7285 {'acc@9': 0.125, 'acc@18': 0.625, 'acc@27': 0.75, 'acc@35': 0.75} records/s=45.9
23:00:40 step 2100/3020 loss=1.4534 last=1.1329 {'acc@9': 0.125, 'acc@18': 0.375, 'acc@27': 0.5, 'acc@35': 0.625} records/s=45.9
23:00:47 step 2120/3020 loss=0.8681 last=0.6683 {'acc@9': 0.625, 'acc@18': 0.75, 'acc@27': 0.75, 'acc@35': 0.75} records/s=45.9
23:00:54 step 2140/3020 loss=0.5077 last=0.1809 {'acc@9': 0.25, 'acc@18': 1.0, 'acc@27': 1.0, 'acc@35': 1.0} records/s=45.9
23:01:01 step 2160/3020 loss=1.1446 last=0.8918 {'acc@9': 0.25, 'acc@18': 0.625, 'acc@27': 0.625, 'acc@35': 0.625} records/s=45.9
23:01:08 step 2180/3020 loss=0.9929 last=0.5285 {'acc@9': 0.25, 'acc@18': 0.75, 'acc@27': 0.75, 'acc@35': 0.875} records/s=45.9
23:01:15 step 2200/3020 loss=1.5129 last=1.2109 {'acc@9': 0.375, 'acc@18': 0.75, 'acc@27': 0.75, 'acc@35': 0.75} records/s=45.9
23:01:21 step 2220/3020 loss=1.2861 last=1.0946 {'acc@9': 0.375, 'acc@18': 0.5, 'acc@27': 0.625, 'acc@35': 0.5} records/s=45.9
23:01:28 step 2240/3020 loss=1.3089 last=0.9678 {'acc@9': 0.25, 'acc@18': 0.5, 'acc@27': 0.5, 'acc@35': 0.5} records/s=45.9
23:01:35 step 2260/3020 loss=1.4449 last=1.3083 {'acc@9': 0.25, 'acc@18': 0.375, 'acc@27': 0.625, 'acc@35': 0.625} records/s=45.9
23:01:42 step 2280/3020 loss=1.1456 last=0.8977 {'acc@9': 0.375, 'acc@18': 0.625, 'acc@27': 0.75, 'acc@35': 0.75} records/s=45.9
23:01:48 step 2300/3020 loss=0.7086 last=0.4402 {'acc@9': 0.5, 'acc@18': 0.875, 'acc@27': 0.875, 'acc@35': 0.875} records/s=46.0
23:01:55 step 2320/3020 loss=1.5846 last=1.3870 {'acc@9': 0.625, 'acc@18': 0.375, 'acc@27': 0.625, 'acc@35': 0.625} records/s=46.0
23:02:02 step 2340/3020 loss=0.7081 last=0.3727 {'acc@9': 0.25, 'acc@18': 0.875, 'acc@27': 1.0, 'acc@35': 0.875} records/s=46.0
23:02:09 step 2360/3020 loss=0.3923 last=0.1888 {'acc@9': 0.5, 'acc@18': 0.875, 'acc@27': 1.0, 'acc@35': 1.0} records/s=46.0
23:02:17 step 2380/3020 loss=0.5944 last=0.3732 {'acc@9': 0.5, 'acc@18': 0.75, 'acc@27': 0.75, 'acc@35': 0.75} records/s=45.9
23:02:23 step 2400/3020 loss=1.7217 last=1.5734 {'acc@9': 0.125, 'acc@18': 0.75, 'acc@27': 0.75, 'acc@35': 0.75} records/s=45.9
23:02:30 step 2420/3020 loss=1.7631 last=1.4274 {'acc@9': 0.125, 'acc@18': 0.5, 'acc@27': 0.5, 'acc@35': 0.5} records/s=46.0
23:02:37 step 2440/3020 loss=1.8275 last=1.6266 {'acc@9': 0.375, 'acc@18': 0.625, 'acc@27': 0.75, 'acc@35': 0.625} records/s=46.0
23:02:44 step 2460/3020 loss=0.8982 last=0.6232 {'acc@9': 0.5, 'acc@18': 0.75, 'acc@27': 0.875, 'acc@35': 0.875} records/s=46.0
23:02:51 step 2480/3020 loss=1.3619 last=1.0199 {'acc@9': 0.125, 'acc@18': 0.5, 'acc@27': 0.75, 'acc@35': 0.75} records/s=46.0
23:02:57 step 2500/3020 loss=2.3003 last=2.2156 {'acc@9': 0.25, 'acc@18': 0.375, 'acc@27': 0.5, 'acc@35': 0.5} records/s=46.0
23:03:04 step 2520/3020 loss=0.8942 last=0.6123 {'acc@9': 0.25, 'acc@18': 1.0, 'acc@27': 0.75, 'acc@35': 0.75} records/s=46.0
23:03:11 step 2540/3020 loss=0.7345 last=0.4125 {'acc@9': 0.375, 'acc@18': 0.625, 'acc@27': 1.0, 'acc@35': 0.875} records/s=46.0
23:03:18 step 2560/3020 loss=0.9067 last=0.7167 {'acc@9': 0.5, 'acc@18': 0.75, 'acc@27': 0.75, 'acc@35': 0.75} records/s=46.0
23:03:25 step 2580/3020 loss=0.9184 last=0.7357 {'acc@9': 0.625, 'acc@18': 0.75, 'acc@27': 0.75, 'acc@35': 0.75} records/s=46.0
23:03:32 step 2600/3020 loss=1.4306 last=1.3731 {'acc@9': 0.25, 'acc@18': 0.5, 'acc@27': 0.5, 'acc@35': 0.5} records/s=46.0
23:03:38 step 2620/3020 loss=1.1995 last=0.8385 {'acc@9': 0.25, 'acc@18': 0.75, 'acc@27': 0.75, 'acc@35': 0.75} records/s=46.0
23:03:45 step 2640/3020 loss=0.8704 last=0.7049 {'acc@9': 0.625, 'acc@18': 0.75, 'acc@27': 0.75, 'acc@35': 0.625} records/s=46.0
23:03:52 step 2660/3020 loss=0.4760 last=0.1942 {'acc@9': 0.5, 'acc@18': 0.875, 'acc@27': 1.0, 'acc@35': 1.0} records/s=46.0
23:03:59 step 2680/3020 loss=0.8198 last=0.5642 {'acc@9': 0.5, 'acc@18': 0.875, 'acc@27': 0.75, 'acc@35': 0.75} records/s=46.0
23:04:06 step 2700/3020 loss=1.0022 last=0.7156 {'acc@9': 0.5, 'acc@18': 0.875, 'acc@27': 0.625, 'acc@35': 0.625} records/s=46.0
23:04:13 step 2720/3020 loss=0.8336 last=0.5792 {'acc@9': 0.5, 'acc@18': 0.75, 'acc@27': 0.75, 'acc@35': 0.75} records/s=46.0
23:04:20 step 2740/3020 loss=1.1053 last=0.8324 {'acc@9': 0.25, 'acc@18': 0.875, 'acc@27': 0.875, 'acc@35': 0.875} records/s=46.0
23:04:27 step 2760/3020 loss=0.9739 last=0.7119 {'acc@9': 0.5, 'acc@18': 0.75, 'acc@27': 0.875, 'acc@35': 0.875} records/s=46.0
23:04:34 step 2780/3020 loss=0.7125 last=0.5423 {'acc@9': 0.375, 'acc@18': 0.75, 'acc@27': 0.75, 'acc@35': 0.75} records/s=46.0
23:04:40 step 2800/3020 loss=0.8105 last=0.6780 {'acc@9': 0.375, 'acc@18': 0.625, 'acc@27': 0.75, 'acc@35': 0.75} records/s=46.1
23:04:47 step 2820/3020 loss=0.8969 last=0.7094 {'acc@9': 0.5, 'acc@18': 0.75, 'acc@27': 0.75, 'acc@35': 0.75} records/s=46.1
23:04:54 step 2840/3020 loss=0.5697 last=0.2659 {'acc@9': 0.375, 'acc@18': 0.75, 'acc@27': 1.0, 'acc@35': 1.0} records/s=46.1
23:05:01 step 2860/3020 loss=0.3517 last=0.0989 {'acc@9': 0.625, 'acc@18': 1.0, 'acc@27': 1.0, 'acc@35': 1.0} records/s=46.1
23:05:08 step 2880/3020 loss=0.7039 last=0.4428 {'acc@9': 0.5, 'acc@18': 0.75, 'acc@27': 0.875, 'acc@35': 0.875} records/s=46.1
23:05:14 step 2900/3020 loss=2.1483 last=2.0643 {'acc@9': 0.25, 'acc@18': 0.5, 'acc@27': 0.5, 'acc@35': 0.5} records/s=46.1
23:05:21 step 2920/3020 loss=0.7390 last=0.4829 {'acc@9': 0.375, 'acc@18': 0.875, 'acc@27': 0.875, 'acc@35': 0.875} records/s=46.1
23:05:28 step 2940/3020 loss=1.8113 last=1.7934 {'acc@9': 0.5, 'acc@18': 0.5, 'acc@27': 0.5, 'acc@35': 0.5} records/s=46.1
23:05:35 step 2960/3020 loss=0.9239 last=0.6543 {'acc@9': 0.625, 'acc@18': 0.75, 'acc@27': 0.625, 'acc@35': 0.625} records/s=46.1
23:05:42 step 2980/3020 loss=1.1916 last=0.8211 {'acc@9': 0.375, 'acc@18': 0.75, 'acc@27': 0.75, 'acc@35': 0.75} records/s=46.1
23:05:49 step 3000/3020 loss=0.7465 last=0.4308 {'acc@9': 0.25, 'acc@18': 1.0, 'acc@27': 0.875, 'acc@35': 0.875} records/s=46.1
23:05:56 step 3020/3020 loss=1.0843 last=0.8763 {'acc@9': 0.25, 'acc@18': 0.625, 'acc@27': 0.625, 'acc@35': 0.625} records/s=46.1
23:09:48 layer  0 hr@1=0.1609 ndcg@10=0.4089 nll=2.755 ece=0.013 T=0.97
23:09:48 layer  1 hr@1=0.1773 ndcg@10=0.4407 nll=2.676 ece=0.012 T=0.90
23:09:48 layer  2 hr@1=0.2707 ndcg@10=0.5314 nll=2.414 ece=0.022 T=0.87
23:09:48 layer  3 hr@1=0.3103 ndcg@10=0.5667 nll=2.279 ece=0.016 T=0.88
23:09:48 layer  4 hr@1=0.3416 ndcg@10=0.5881 nll=2.192 ece=0.023 T=0.93
23:09:48 layer  5 hr@1=0.3353 ndcg@10=0.5833 nll=2.203 ece=0.021 T=0.92
23:09:48 layer  6 hr@1=0.3404 ndcg@10=0.5897 nll=2.194 ece=0.016 T=0.92
23:09:48 layer  7 hr@1=0.3503 ndcg@10=0.6011 nll=2.146 ece=0.014 T=0.93
23:09:48 layer  8 hr@1=0.3719 ndcg@10=0.6171 nll=2.090 ece=0.020 T=0.93
23:09:48 layer  9 hr@1=0.3798 ndcg@10=0.6283 nll=2.045 ece=0.022 T=0.97
23:09:48 layer 10 hr@1=0.4195 ndcg@10=0.6598 nll=1.926 ece=0.019 T=0.96
23:09:48 layer 11 hr@1=0.4291 ndcg@10=0.6687 nll=1.888 ece=0.016 T=0.97
23:09:48 layer 12 hr@1=0.4262 ndcg@10=0.6698 nll=1.879 ece=0.018 T=0.97
23:09:48 layer 13 hr@1=0.4419 ndcg@10=0.6792 nll=1.846 ece=0.016 T=0.97
23:09:48 layer 14 hr@1=0.5084 ndcg@10=0.7277 nll=1.623 ece=0.011 T=1.05
23:09:48 layer 15 hr@1=0.5538 ndcg@10=0.7577 nll=1.458 ece=0.021 T=1.16
23:09:48 layer 16 hr@1=0.5781 ndcg@10=0.7726 nll=1.372 ece=0.017 T=1.17
23:09:48 layer 17 hr@1=0.5854 ndcg@10=0.7780 nll=1.326 ece=0.017 T=1.18
23:09:48 layer 18 hr@1=0.6056 ndcg@10=0.7884 nll=1.272 ece=0.020 T=1.17
23:09:48 layer 19 hr@1=0.6205 ndcg@10=0.7961 nll=1.230 ece=0.019 T=1.22
23:09:48 layer 20 hr@1=0.6255 ndcg@10=0.7996 nll=1.218 ece=0.020 T=1.22
23:09:48 layer 21 hr@1=0.6286 ndcg@10=0.8003 nll=1.210 ece=0.022 T=1.21
23:09:48 layer 22 hr@1=0.6308 ndcg@10=0.8018 nll=1.202 ece=0.025 T=1.21
23:09:48 layer 23 hr@1=0.6293 ndcg@10=0.8010 nll=1.202 ece=0.022 T=1.22
23:09:48 layer 24 hr@1=0.6291 ndcg@10=0.8015 nll=1.203 ece=0.022 T=1.22
23:09:48 layer 25 hr@1=0.6305 ndcg@10=0.8020 nll=1.203 ece=0.026 T=1.22
23:09:48 layer 26 hr@1=0.6306 ndcg@10=0.8018 nll=1.203 ece=0.025 T=1.21
23:09:48 layer 27 hr@1=0.6303 ndcg@10=0.8018 nll=1.203 ece=0.025 T=1.21
23:09:48 layer 28 hr@1=0.6288 ndcg@10=0.8014 nll=1.203 ece=0.024 T=1.21
23:09:48 layer 29 hr@1=0.6310 ndcg@10=0.8022 nll=1.201 ece=0.023 T=1.21
23:09:48 layer 30 hr@1=0.6291 ndcg@10=0.8016 nll=1.200 ece=0.024 T=1.21
23:09:48 layer 31 hr@1=0.6303 ndcg@10=0.8020 nll=1.200 ece=0.023 T=1.21
23:09:48 layer 32 hr@1=0.6306 ndcg@10=0.8021 nll=1.200 ece=0.024 T=1.21
23:09:48 layer 33 hr@1=0.6310 ndcg@10=0.8024 nll=1.200 ece=0.023 T=1.21
23:09:48 layer 34 hr@1=0.6310 ndcg@10=0.8022 nll=1.199 ece=0.023 T=1.21
23:09:48 layer 35 hr@1=0.6333 ndcg@10=0.8041 nll=1.191 ece=0.023 T=1.20
/usr/local/lib/python3.12/dist-packages/torch/distributed/c10d_logger.py:83: UserWarning: barrier(): using the device under current context. You can specify `device_id` in `init_process_group` to mute this warning.
  return func(*args, **kwargs)
