W0923 09:14:10.771000 10043 torch/distributed/run.py:874] 
W0923 09:14:10.771000 10043 torch/distributed/run.py:874] *****************************************
W0923 09:14:10.771000 10043 torch/distributed/run.py:874] Setting OMP_NUM_THREADS environment variable for each process to be 1 in default, to avoid your system being overloaded, please further tune the variable for optimal performance in your application as needed. 
W0923 09:14:10.771000 10043 torch/distributed/run.py:874] *****************************************
Warning: You are sending unauthenticated requests to the HF Hub. Please set a HF_TOKEN to enable higher rate limits and faster downloads.
Warning: You are sending unauthenticated requests to the HF Hub. Please set a HF_TOKEN to enable higher rate limits and faster downloads.
Loading weights:   0%|          | 0/311 [00:00<?, ?it/s]Loading weights: 100%|██████████| 311/311 [00:00<00:00, 8735.91it/s]
Loading weights:   0%|          | 0/311 [00:00<?, ?it/s]Loading weights: 100%|██████████| 311/311 [00:00<00:00, 8801.63it/s]
09:14:32 mode=isolated world=2 trainable=17.43M
09:14:37 train records/epoch=48320 steps=3020
09:15:01 step 20/3020 loss=2.9179 acc=0.250 records/s=13.2
09:15:22 step 40/3020 loss=2.7855 acc=0.250 records/s=14.2
09:15:42 step 60/3020 loss=2.8476 acc=0.125 records/s=14.7
09:16:02 step 80/3020 loss=2.7214 acc=0.250 records/s=15.0
09:16:23 step 100/3020 loss=2.1500 acc=0.250 records/s=15.1
09:16:42 step 120/3020 loss=1.7675 acc=0.375 records/s=15.4
09:17:02 step 140/3020 loss=1.1691 acc=0.625 records/s=15.5
09:17:20 step 160/3020 loss=2.1583 acc=0.500 records/s=15.7
09:17:39 step 180/3020 loss=1.4598 acc=0.500 records/s=15.8
09:17:58 step 200/3020 loss=0.9253 acc=0.750 records/s=15.9
09:18:16 step 220/3020 loss=1.7037 acc=0.625 records/s=16.0
09:18:35 step 240/3020 loss=1.9023 acc=0.500 records/s=16.1
09:18:54 step 260/3020 loss=1.1922 acc=0.750 records/s=16.2
09:19:12 step 280/3020 loss=1.6309 acc=0.375 records/s=16.3
09:19:31 step 300/3020 loss=1.1909 acc=0.375 records/s=16.3
09:19:49 step 320/3020 loss=1.6280 acc=0.625 records/s=16.4
09:20:08 step 340/3020 loss=1.9618 acc=0.375 records/s=16.4
09:20:26 step 360/3020 loss=1.1173 acc=0.750 records/s=16.5
09:20:44 step 380/3020 loss=2.7518 acc=0.125 records/s=16.6
09:21:02 step 400/3020 loss=2.1404 acc=0.250 records/s=16.6
09:21:21 step 420/3020 loss=2.6861 acc=0.250 records/s=16.6
09:21:39 step 440/3020 loss=1.9145 acc=0.500 records/s=16.7
09:21:57 step 460/3020 loss=1.2843 acc=0.625 records/s=16.7
09:22:16 step 480/3020 loss=1.9854 acc=0.500 records/s=16.7
09:22:34 step 500/3020 loss=1.3066 acc=0.750 records/s=16.8
09:22:52 step 520/3020 loss=1.6113 acc=0.375 records/s=16.8
09:23:10 step 540/3020 loss=1.1589 acc=0.500 records/s=16.8
09:23:28 step 560/3020 loss=1.4524 acc=0.625 records/s=16.9
09:23:47 step 580/3020 loss=2.0585 acc=0.375 records/s=16.9
09:24:06 step 600/3020 loss=1.4350 acc=0.500 records/s=16.9
09:24:24 step 620/3020 loss=2.1579 acc=0.625 records/s=16.9
09:24:43 step 640/3020 loss=1.6971 acc=0.625 records/s=16.9
09:25:01 step 660/3020 loss=1.6065 acc=0.500 records/s=16.9
09:25:19 step 680/3020 loss=1.8901 acc=0.375 records/s=16.9
09:25:38 step 700/3020 loss=2.2758 acc=0.250 records/s=16.9
09:25:57 step 720/3020 loss=3.4513 acc=0.375 records/s=16.9
09:26:15 step 740/3020 loss=1.8817 acc=0.250 records/s=17.0
09:26:33 step 760/3020 loss=1.2916 acc=0.500 records/s=17.0
09:26:52 step 780/3020 loss=2.2030 acc=0.375 records/s=17.0
09:27:10 step 800/3020 loss=1.7373 acc=0.375 records/s=17.0
09:27:29 step 820/3020 loss=2.2236 acc=0.125 records/s=17.0
09:27:47 step 840/3020 loss=1.6357 acc=0.375 records/s=17.0
09:28:05 step 860/3020 loss=1.1429 acc=0.750 records/s=17.0
09:28:23 step 880/3020 loss=1.1759 acc=0.500 records/s=17.0
09:28:42 step 900/3020 loss=1.1666 acc=0.625 records/s=17.0
09:29:00 step 920/3020 loss=1.7991 acc=0.250 records/s=17.1
09:29:18 step 940/3020 loss=1.0805 acc=0.500 records/s=17.1
09:29:37 step 960/3020 loss=1.8490 acc=0.500 records/s=17.1
09:29:54 step 980/3020 loss=1.5889 acc=0.500 records/s=17.1
09:30:12 step 1000/3020 loss=1.2072 acc=0.750 records/s=17.1
09:30:31 step 1020/3020 loss=1.1741 acc=0.750 records/s=17.1
09:30:50 step 1040/3020 loss=1.4624 acc=0.500 records/s=17.1
09:31:07 step 1060/3020 loss=1.0923 acc=0.625 records/s=17.1
09:31:26 step 1080/3020 loss=1.4083 acc=0.750 records/s=17.1
09:31:44 step 1100/3020 loss=1.2732 acc=0.375 records/s=17.1
09:32:02 step 1120/3020 loss=1.9735 acc=0.625 records/s=17.2
09:32:20 step 1140/3020 loss=1.5724 acc=0.500 records/s=17.2
09:32:39 step 1160/3020 loss=1.6913 acc=0.375 records/s=17.2
09:32:57 step 1180/3020 loss=1.1481 acc=0.750 records/s=17.2
09:33:14 step 1200/3020 loss=0.9517 acc=0.750 records/s=17.2
09:33:32 step 1220/3020 loss=1.8622 acc=0.500 records/s=17.2
09:33:50 step 1240/3020 loss=1.2186 acc=0.625 records/s=17.2
09:34:09 step 1260/3020 loss=0.7830 acc=0.500 records/s=17.2
09:34:27 step 1280/3020 loss=1.8369 acc=0.625 records/s=17.2
09:34:45 step 1300/3020 loss=1.8886 acc=0.500 records/s=17.2
09:35:03 step 1320/3020 loss=0.9402 acc=0.750 records/s=17.2
09:35:21 step 1340/3020 loss=2.1121 acc=0.375 records/s=17.2
09:35:40 step 1360/3020 loss=1.2508 acc=0.500 records/s=17.2
09:35:58 step 1380/3020 loss=2.0647 acc=0.500 records/s=17.2
09:36:16 step 1400/3020 loss=0.9401 acc=0.625 records/s=17.2
09:36:34 step 1420/3020 loss=1.3219 acc=0.250 records/s=17.3
09:36:53 step 1440/3020 loss=1.1771 acc=0.625 records/s=17.2
09:37:11 step 1460/3020 loss=1.3846 acc=0.625 records/s=17.3
09:37:29 step 1480/3020 loss=2.0674 acc=0.625 records/s=17.3
09:37:47 step 1500/3020 loss=1.4590 acc=0.375 records/s=17.3
09:38:06 step 1520/3020 loss=1.1126 acc=0.500 records/s=17.3
09:38:24 step 1540/3020 loss=1.1263 acc=0.750 records/s=17.3
09:38:42 step 1560/3020 loss=1.8136 acc=0.250 records/s=17.3
09:39:01 step 1580/3020 loss=1.4889 acc=0.375 records/s=17.3
09:39:19 step 1600/3020 loss=1.1610 acc=0.500 records/s=17.3
09:39:38 step 1620/3020 loss=1.3565 acc=0.500 records/s=17.3
09:39:56 step 1640/3020 loss=1.0115 acc=0.750 records/s=17.3
09:40:14 step 1660/3020 loss=1.7148 acc=0.500 records/s=17.3
09:40:32 step 1680/3020 loss=2.1680 acc=0.375 records/s=17.3
09:40:50 step 1700/3020 loss=1.6725 acc=0.375 records/s=17.3
09:41:09 step 1720/3020 loss=0.9193 acc=0.750 records/s=17.3
09:41:27 step 1740/3020 loss=1.0077 acc=0.750 records/s=17.3
09:41:45 step 1760/3020 loss=1.4066 acc=0.375 records/s=17.3
09:42:03 step 1780/3020 loss=2.3408 acc=0.250 records/s=17.3
09:42:21 step 1800/3020 loss=1.0491 acc=0.750 records/s=17.3
09:42:40 step 1820/3020 loss=1.8239 acc=0.375 records/s=17.3
09:42:58 step 1840/3020 loss=1.8666 acc=0.375 records/s=17.3
09:43:16 step 1860/3020 loss=1.1128 acc=0.625 records/s=17.3
09:43:33 step 1880/3020 loss=2.0376 acc=0.375 records/s=17.3
09:43:51 step 1900/3020 loss=1.8886 acc=0.250 records/s=17.3
09:44:10 step 1920/3020 loss=1.4698 acc=0.750 records/s=17.3
09:44:28 step 1940/3020 loss=1.3517 acc=0.500 records/s=17.3
09:44:46 step 1960/3020 loss=1.6781 acc=0.375 records/s=17.3
09:45:04 step 1980/3020 loss=1.7696 acc=0.375 records/s=17.3
09:45:22 step 2000/3020 loss=0.3678 acc=0.875 records/s=17.3
09:45:40 step 2020/3020 loss=1.0218 acc=0.625 records/s=17.3
09:45:59 step 2040/3020 loss=1.2482 acc=0.625 records/s=17.3
09:46:17 step 2060/3020 loss=0.8095 acc=0.750 records/s=17.3
09:46:34 step 2080/3020 loss=0.9998 acc=0.625 records/s=17.4
09:46:53 step 2100/3020 loss=1.3417 acc=0.625 records/s=17.4
09:47:11 step 2120/3020 loss=1.1603 acc=0.625 records/s=17.4
09:47:29 step 2140/3020 loss=1.3736 acc=0.625 records/s=17.4
09:47:47 step 2160/3020 loss=2.2191 acc=0.250 records/s=17.4
09:48:05 step 2180/3020 loss=0.9291 acc=0.750 records/s=17.4
09:48:23 step 2200/3020 loss=1.2157 acc=0.500 records/s=17.4
09:48:41 step 2220/3020 loss=1.0665 acc=0.625 records/s=17.4
09:48:59 step 2240/3020 loss=1.9467 acc=0.500 records/s=17.4
09:49:17 step 2260/3020 loss=1.8437 acc=0.500 records/s=17.4
09:49:35 step 2280/3020 loss=1.5358 acc=0.625 records/s=17.4
09:49:53 step 2300/3020 loss=0.7801 acc=0.625 records/s=17.4
09:50:11 step 2320/3020 loss=0.7558 acc=0.750 records/s=17.4
09:50:29 step 2340/3020 loss=1.9802 acc=0.250 records/s=17.4
09:50:47 step 2360/3020 loss=0.2552 acc=1.000 records/s=17.4
09:51:05 step 2380/3020 loss=1.6696 acc=0.375 records/s=17.4
09:51:23 step 2400/3020 loss=1.3839 acc=0.500 records/s=17.4
09:51:40 step 2420/3020 loss=1.3401 acc=0.625 records/s=17.4
09:51:58 step 2440/3020 loss=1.5286 acc=0.375 records/s=17.4
09:52:16 step 2460/3020 loss=0.6595 acc=0.625 records/s=17.4
09:52:34 step 2480/3020 loss=1.1044 acc=0.625 records/s=17.4
09:52:52 step 2500/3020 loss=1.5041 acc=0.500 records/s=17.4
09:53:10 step 2520/3020 loss=0.8447 acc=0.625 records/s=17.4
09:53:29 step 2540/3020 loss=1.8614 acc=0.375 records/s=17.4
09:53:47 step 2560/3020 loss=1.7242 acc=0.250 records/s=17.4
09:54:05 step 2580/3020 loss=0.9949 acc=0.625 records/s=17.4
09:54:23 step 2600/3020 loss=1.1151 acc=0.500 records/s=17.4
09:54:41 step 2620/3020 loss=1.3882 acc=0.500 records/s=17.4
09:54:58 step 2640/3020 loss=1.7833 acc=0.500 records/s=17.4
09:55:17 step 2660/3020 loss=1.2839 acc=0.500 records/s=17.4
09:55:34 step 2680/3020 loss=0.9079 acc=0.750 records/s=17.4
09:55:53 step 2700/3020 loss=0.9198 acc=0.750 records/s=17.4
09:56:11 step 2720/3020 loss=2.5306 acc=0.500 records/s=17.5
09:56:29 step 2740/3020 loss=1.2738 acc=0.250 records/s=17.5
09:56:47 step 2760/3020 loss=1.7948 acc=0.250 records/s=17.5
09:57:05 step 2780/3020 loss=1.2281 acc=0.625 records/s=17.5
09:57:23 step 2800/3020 loss=0.6505 acc=0.750 records/s=17.5
09:57:41 step 2820/3020 loss=0.9719 acc=0.500 records/s=17.5
09:57:59 step 2840/3020 loss=0.6669 acc=0.875 records/s=17.5
09:58:17 step 2860/3020 loss=1.1135 acc=0.500 records/s=17.5
09:58:35 step 2880/3020 loss=1.4166 acc=0.500 records/s=17.5
09:58:53 step 2900/3020 loss=1.3329 acc=0.375 records/s=17.5
09:59:11 step 2920/3020 loss=0.7412 acc=0.875 records/s=17.5
09:59:29 step 2940/3020 loss=1.1169 acc=0.500 records/s=17.5
09:59:47 step 2960/3020 loss=2.5272 acc=0.500 records/s=17.5
10:00:05 step 2980/3020 loss=0.9925 acc=0.750 records/s=17.5
10:00:23 step 3000/3020 loss=1.4421 acc=0.375 records/s=17.5
10:00:41 step 3020/3020 loss=0.5451 acc=0.875 records/s=17.5
10:04:12 test hr@1=0.4858 hr@5=0.8055 ndcg@10=0.6932 mrr=0.6300 nll=1.6865 brier=0.6360 ece=0.0171 coverage@p95=0.1136 T=1.198 tokens/record=917
/usr/local/lib/python3.12/dist-packages/torch/distributed/c10d_logger.py:83: UserWarning: barrier(): using the device under current context. You can specify `device_id` in `init_process_group` to mute this warning.
  return func(*args, **kwargs)
