W0923 09:14:10.771000 10042 torch/distributed/run.py:874] 
W0923 09:14:10.771000 10042 torch/distributed/run.py:874] *****************************************
W0923 09:14:10.771000 10042 torch/distributed/run.py:874] Setting OMP_NUM_THREADS environment variable for each process to be 1 in default, to avoid your system being overloaded, please further tune the variable for optimal performance in your application as needed. 
W0923 09:14:10.771000 10042 torch/distributed/run.py:874] *****************************************
Warning: You are sending unauthenticated requests to the HF Hub. Please set a HF_TOKEN to enable higher rate limits and faster downloads.
Warning: You are sending unauthenticated requests to the HF Hub. Please set a HF_TOKEN to enable higher rate limits and faster downloads.
Loading weights:   0%|          | 0/311 [00:00<?, ?it/s]Loading weights:   0%|          | 0/311 [00:00<?, ?it/s]Loading weights: 100%|██████████| 311/311 [00:00<00:00, 8864.50it/s]
Loading weights: 100%|██████████| 311/311 [00:00<00:00, 8719.85it/s]
09:14:32 mode=listwise world=2 trainable=17.70M
09:14:37 train records/epoch=48320 steps=3020
09:15:01 step 20/3020 loss=3.1482 acc=0.250 records/s=13.0
09:15:22 step 40/3020 loss=2.9584 acc=0.000 records/s=14.1
09:15:43 step 60/3020 loss=2.5250 acc=0.375 records/s=14.6
09:16:03 step 80/3020 loss=2.7936 acc=0.125 records/s=14.9
09:16:23 step 100/3020 loss=2.1963 acc=0.375 records/s=15.1
09:16:42 step 120/3020 loss=1.8304 acc=0.375 records/s=15.3
09:17:02 step 140/3020 loss=1.0708 acc=0.625 records/s=15.5
09:17:21 step 160/3020 loss=2.2021 acc=0.250 records/s=15.6
09:17:39 step 180/3020 loss=1.4528 acc=0.500 records/s=15.8
09:17:59 step 200/3020 loss=1.0626 acc=0.750 records/s=15.8
09:18:18 step 220/3020 loss=1.5835 acc=0.625 records/s=15.9
09:18:36 step 240/3020 loss=1.7737 acc=0.500 records/s=16.1
09:18:55 step 260/3020 loss=1.3169 acc=0.625 records/s=16.1
09:19:14 step 280/3020 loss=1.7866 acc=0.375 records/s=16.2
09:19:32 step 300/3020 loss=1.0765 acc=0.375 records/s=16.3
09:19:51 step 320/3020 loss=1.6621 acc=0.500 records/s=16.3
09:20:09 step 340/3020 loss=1.8739 acc=0.500 records/s=16.4
09:20:27 step 360/3020 loss=1.2161 acc=0.625 records/s=16.4
09:20:45 step 380/3020 loss=2.6301 acc=0.125 records/s=16.5
09:21:04 step 400/3020 loss=2.0158 acc=0.250 records/s=16.5
09:21:23 step 420/3020 loss=2.8876 acc=0.125 records/s=16.5
09:21:42 step 440/3020 loss=2.0415 acc=0.500 records/s=16.6
09:22:00 step 460/3020 loss=1.1831 acc=0.625 records/s=16.6
09:22:18 step 480/3020 loss=2.1683 acc=0.500 records/s=16.6
09:22:37 step 500/3020 loss=1.2276 acc=0.625 records/s=16.7
09:22:55 step 520/3020 loss=1.8875 acc=0.500 records/s=16.7
09:23:13 step 540/3020 loss=1.2006 acc=0.500 records/s=16.7
09:23:31 step 560/3020 loss=1.6011 acc=0.500 records/s=16.8
09:23:50 step 580/3020 loss=2.1335 acc=0.000 records/s=16.8
09:24:09 step 600/3020 loss=1.3576 acc=0.625 records/s=16.8
09:24:27 step 620/3020 loss=2.1243 acc=0.500 records/s=16.8
09:24:46 step 640/3020 loss=1.6735 acc=0.625 records/s=16.8
09:25:04 step 660/3020 loss=1.4750 acc=0.500 records/s=16.8
09:25:23 step 680/3020 loss=1.9478 acc=0.375 records/s=16.8
09:25:41 step 700/3020 loss=2.2110 acc=0.250 records/s=16.9
09:26:00 step 720/3020 loss=3.6892 acc=0.375 records/s=16.9
09:26:18 step 740/3020 loss=1.8585 acc=0.250 records/s=16.9
09:26:36 step 760/3020 loss=1.2882 acc=0.625 records/s=16.9
09:26:55 step 780/3020 loss=2.1931 acc=0.375 records/s=16.9
09:27:13 step 800/3020 loss=1.6904 acc=0.625 records/s=16.9
09:27:32 step 820/3020 loss=2.2438 acc=0.125 records/s=16.9
09:27:50 step 840/3020 loss=1.5421 acc=0.500 records/s=16.9
09:28:08 step 860/3020 loss=1.1071 acc=0.625 records/s=17.0
09:28:26 step 880/3020 loss=1.3559 acc=0.500 records/s=17.0
09:28:45 step 900/3020 loss=1.1856 acc=0.500 records/s=17.0
09:29:03 step 920/3020 loss=1.6995 acc=0.500 records/s=17.0
09:29:21 step 940/3020 loss=1.0006 acc=0.750 records/s=17.0
09:29:40 step 960/3020 loss=1.9795 acc=0.500 records/s=17.0
09:29:58 step 980/3020 loss=1.5957 acc=0.375 records/s=17.0
09:30:16 step 1000/3020 loss=1.1749 acc=0.625 records/s=17.0
09:30:35 step 1020/3020 loss=1.2330 acc=0.750 records/s=17.0
09:30:53 step 1040/3020 loss=1.4125 acc=0.625 records/s=17.0
09:31:12 step 1060/3020 loss=1.1722 acc=0.625 records/s=17.1
09:31:30 step 1080/3020 loss=1.5472 acc=0.625 records/s=17.1
09:31:48 step 1100/3020 loss=1.2669 acc=0.500 records/s=17.1
09:32:06 step 1120/3020 loss=2.0040 acc=0.500 records/s=17.1
09:32:25 step 1140/3020 loss=1.4985 acc=0.500 records/s=17.1
09:32:43 step 1160/3020 loss=1.6607 acc=0.500 records/s=17.1
09:33:02 step 1180/3020 loss=1.1931 acc=0.625 records/s=17.1
09:33:20 step 1200/3020 loss=1.0634 acc=0.625 records/s=17.1
09:33:38 step 1220/3020 loss=1.9234 acc=0.375 records/s=17.1
09:33:56 step 1240/3020 loss=1.4433 acc=0.625 records/s=17.1
09:34:14 step 1260/3020 loss=0.8099 acc=0.500 records/s=17.1
09:34:33 step 1280/3020 loss=1.8317 acc=0.500 records/s=17.1
09:34:51 step 1300/3020 loss=1.7705 acc=0.500 records/s=17.1
09:35:09 step 1320/3020 loss=1.0279 acc=0.625 records/s=17.1
09:35:28 step 1340/3020 loss=2.1281 acc=0.375 records/s=17.1
09:35:46 step 1360/3020 loss=1.1516 acc=0.500 records/s=17.1
09:36:05 step 1380/3020 loss=1.9950 acc=0.500 records/s=17.1
09:36:23 step 1400/3020 loss=0.9267 acc=0.625 records/s=17.1
09:36:41 step 1420/3020 loss=1.4498 acc=0.250 records/s=17.2
09:37:00 step 1440/3020 loss=1.0411 acc=0.625 records/s=17.2
09:37:18 step 1460/3020 loss=1.3582 acc=0.625 records/s=17.2
09:37:37 step 1480/3020 loss=1.8294 acc=0.625 records/s=17.2
09:37:55 step 1500/3020 loss=1.3939 acc=0.375 records/s=17.2
09:38:14 step 1520/3020 loss=1.1827 acc=0.625 records/s=17.2
09:38:32 step 1540/3020 loss=1.1553 acc=0.750 records/s=17.2
09:38:50 step 1560/3020 loss=1.8588 acc=0.375 records/s=17.2
09:39:09 step 1580/3020 loss=1.3919 acc=0.500 records/s=17.2
09:39:27 step 1600/3020 loss=1.2472 acc=0.500 records/s=17.2
09:39:45 step 1620/3020 loss=1.2693 acc=0.500 records/s=17.2
09:40:03 step 1640/3020 loss=0.9598 acc=0.750 records/s=17.2
09:40:22 step 1660/3020 loss=1.8585 acc=0.500 records/s=17.2
09:40:41 step 1680/3020 loss=2.2148 acc=0.375 records/s=17.2
09:40:59 step 1700/3020 loss=1.7024 acc=0.250 records/s=17.2
09:41:17 step 1720/3020 loss=1.0603 acc=0.625 records/s=17.2
09:41:35 step 1740/3020 loss=0.9839 acc=0.750 records/s=17.2
09:41:54 step 1760/3020 loss=1.4129 acc=0.375 records/s=17.2
09:42:12 step 1780/3020 loss=2.3040 acc=0.375 records/s=17.2
09:42:30 step 1800/3020 loss=1.0955 acc=0.625 records/s=17.2
09:42:48 step 1820/3020 loss=1.6942 acc=0.500 records/s=17.2
09:43:07 step 1840/3020 loss=1.8128 acc=0.500 records/s=17.2
09:43:25 step 1860/3020 loss=1.0693 acc=0.750 records/s=17.2
09:43:43 step 1880/3020 loss=1.9565 acc=0.375 records/s=17.2
09:44:01 step 1900/3020 loss=1.8547 acc=0.250 records/s=17.2
09:44:20 step 1920/3020 loss=1.5035 acc=0.625 records/s=17.2
09:44:38 step 1940/3020 loss=1.5194 acc=0.375 records/s=17.2
09:44:56 step 1960/3020 loss=1.8422 acc=0.250 records/s=17.2
09:45:14 step 1980/3020 loss=1.8900 acc=0.375 records/s=17.2
09:45:33 step 2000/3020 loss=0.4321 acc=0.875 records/s=17.2
09:45:51 step 2020/3020 loss=0.9808 acc=0.625 records/s=17.2
09:46:09 step 2040/3020 loss=1.2187 acc=0.625 records/s=17.3
09:46:27 step 2060/3020 loss=0.8471 acc=0.750 records/s=17.3
09:46:45 step 2080/3020 loss=0.9286 acc=0.500 records/s=17.3
09:47:03 step 2100/3020 loss=1.3669 acc=0.500 records/s=17.3
09:47:21 step 2120/3020 loss=1.2335 acc=0.625 records/s=17.3
09:47:39 step 2140/3020 loss=1.4471 acc=0.625 records/s=17.3
09:47:58 step 2160/3020 loss=2.0935 acc=0.250 records/s=17.3
09:48:16 step 2180/3020 loss=0.8977 acc=0.750 records/s=17.3
09:48:34 step 2200/3020 loss=1.2252 acc=0.500 records/s=17.3
09:48:52 step 2220/3020 loss=1.1051 acc=0.500 records/s=17.3
09:49:11 step 2240/3020 loss=1.9751 acc=0.375 records/s=17.3
09:49:29 step 2260/3020 loss=1.7854 acc=0.500 records/s=17.3
09:49:47 step 2280/3020 loss=1.6355 acc=0.375 records/s=17.3
09:50:05 step 2300/3020 loss=0.7800 acc=0.500 records/s=17.3
09:50:24 step 2320/3020 loss=0.9389 acc=0.750 records/s=17.3
09:50:42 step 2340/3020 loss=1.9205 acc=0.250 records/s=17.3
09:51:00 step 2360/3020 loss=0.2966 acc=0.875 records/s=17.3
09:51:19 step 2380/3020 loss=1.6350 acc=0.500 records/s=17.3
09:51:37 step 2400/3020 loss=1.4925 acc=0.375 records/s=17.3
09:51:55 step 2420/3020 loss=1.3683 acc=0.625 records/s=17.3
09:52:13 step 2440/3020 loss=1.6221 acc=0.375 records/s=17.3
09:52:32 step 2460/3020 loss=0.7037 acc=0.625 records/s=17.3
09:52:50 step 2480/3020 loss=0.9425 acc=0.750 records/s=17.3
09:53:08 step 2500/3020 loss=1.5647 acc=0.500 records/s=17.3
09:53:27 step 2520/3020 loss=0.9341 acc=0.625 records/s=17.3
09:53:45 step 2540/3020 loss=1.7669 acc=0.375 records/s=17.3
09:54:03 step 2560/3020 loss=1.7344 acc=0.250 records/s=17.3
09:54:21 step 2580/3020 loss=1.0212 acc=0.625 records/s=17.3
09:54:39 step 2600/3020 loss=1.1012 acc=0.625 records/s=17.3
09:54:58 step 2620/3020 loss=1.4408 acc=0.500 records/s=17.3
09:55:16 step 2640/3020 loss=1.7323 acc=0.375 records/s=17.3
09:55:34 step 2660/3020 loss=1.2739 acc=0.500 records/s=17.3
09:55:52 step 2680/3020 loss=0.9015 acc=0.750 records/s=17.3
09:56:10 step 2700/3020 loss=0.9989 acc=0.750 records/s=17.3
09:56:28 step 2720/3020 loss=2.6273 acc=0.500 records/s=17.3
09:56:46 step 2740/3020 loss=1.3576 acc=0.250 records/s=17.3
09:57:04 step 2760/3020 loss=1.9377 acc=0.250 records/s=17.3
09:57:22 step 2780/3020 loss=1.3534 acc=0.625 records/s=17.3
09:57:41 step 2800/3020 loss=0.6929 acc=0.875 records/s=17.3
09:57:59 step 2820/3020 loss=0.8954 acc=0.625 records/s=17.3
09:58:17 step 2840/3020 loss=0.7378 acc=0.750 records/s=17.3
09:58:35 step 2860/3020 loss=1.1032 acc=0.500 records/s=17.3
09:58:53 step 2880/3020 loss=1.5597 acc=0.500 records/s=17.3
09:59:12 step 2900/3020 loss=1.5098 acc=0.375 records/s=17.3
09:59:30 step 2920/3020 loss=0.6096 acc=0.875 records/s=17.4
09:59:48 step 2940/3020 loss=1.0884 acc=0.500 records/s=17.4
10:00:06 step 2960/3020 loss=2.6076 acc=0.500 records/s=17.4
10:00:24 step 2980/3020 loss=1.0454 acc=0.625 records/s=17.4
10:00:42 step 3000/3020 loss=1.3327 acc=0.500 records/s=17.4
10:01:01 step 3020/3020 loss=0.5024 acc=0.875 records/s=17.4
10:04:34 test hr@1=0.4795 hr@5=0.8063 ndcg@10=0.6925 mrr=0.6277 nll=1.6805 brier=0.6362 ece=0.0187 coverage@p95=0.1161 T=1.193 tokens/record=930
/usr/local/lib/python3.12/dist-packages/torch/distributed/c10d_logger.py:83: UserWarning: barrier(): using the device under current context. You can specify `device_id` in `init_process_group` to mute this warning.
  return func(*args, **kwargs)
